<html>
<body>
<pre>
<h1>µVision Build Log</h1>
<h2>Tool Versions:</h2>
IDE-Version: ¦ÌVision V5.20.0.0
Copyright (C) 2016 ARM Ltd and ARM Germany GmbH. All rights reserved.
License Information: 1 Hexagram, 1, LIC=MPPCX-HDR1E-KBAER-KBESA-K2DW0-50LNY
 
Tool Versions:
Toolchain:       MDK-ARM Plus  Version: 5.20
Toolchain Path:  D:\Program_Files\MDK\ARM\ARMCC\Bin
C Compiler:      Armcc.exe V5.06 update 2 (build 183)
Assembler:       Armasm.exe V5.06 update 2 (build 183)
Linker/Locator:  ArmLink.exe V5.06 update 2 (build 183)
Library Manager: ArmAr.exe V5.06 update 2 (build 183)
Hex Converter:   FromElf.exe V5.06 update 2 (build 183)
CPU DLL:         SARMCM3.DLL V5.20
Dialog DLL:      DCM.DLL V1.13.7.0
Target DLL:      UL2CM3.DLL V1.157.18.0
Dialog DLL:      TCM.DLL V1.14.9.0
 
<h2>Project:</h2>
D:\Workspace\Github\stm32f4.keil.uCOS-III.template\Project\STM32F4.uvprojx
Project File Date:  07/22/2016

<h2>Output:</h2>
*** Using Compiler 'V5.06 update 2 (build 183)', folder: 'D:\Program_Files\MDK\ARM\ARMCC\Bin'
Build target 'STM32F407ZG'
compiling bsp.c...
compiling explore_systick.c...
compiling explore_usart.c...
linking...
Program Size: Code=19576 RO-data=1128 RW-data=220 ZI-data=12212  
FromELF: creating hex file...
"..\Output\STM32F4.axf" - 0 Error(s), 0 Warning(s).

<h2>Collection of Component include folders:</h2>
  D:\Workspace\Github\stm32f4.keil.uCOS-III.template\Project\RTE
  D:\Program_Files\MDK\ARM\PACK\Keil\STM32F4xx_DFP\1.0.8\Device\Include

<h2>Collection of Component Files used:</h2>
Build Time Elapsed:  00:00:04
</pre>
</body>
</html>
