Component: ARM Compiler 5.06 update 2 (build 183) Tool: armlink [4d35b7]

==============================================================================

Section Cross References

    system_stm32f4xx.o(i.SystemCoreClockUpdate) refers to system_stm32f4xx.o(.data) for SystemCoreClock
    system_stm32f4xx.o(i.SystemInit) refers to system_stm32f4xx.o(i.SetSysClock) for SetSysClock
    startup_stm32f40_41xxx.o(STACK) refers (Special) to heapauxi.o(.text) for __use_two_region_memory
    startup_stm32f40_41xxx.o(HEAP) refers (Special) to heapauxi.o(.text) for __use_two_region_memory
    startup_stm32f40_41xxx.o(RESET) refers (Special) to heapauxi.o(.text) for __use_two_region_memory
    startup_stm32f40_41xxx.o(RESET) refers to startup_stm32f40_41xxx.o(STACK) for __initial_sp
    startup_stm32f40_41xxx.o(RESET) refers to startup_stm32f40_41xxx.o(.text) for Reset_Handler
    startup_stm32f40_41xxx.o(RESET) refers to stm32f4xx_it.o(i.NMI_Handler) for NMI_Handler
    startup_stm32f40_41xxx.o(RESET) refers to stm32f4xx_it.o(i.HardFault_Handler) for HardFault_Handler
    startup_stm32f40_41xxx.o(RESET) refers to stm32f4xx_it.o(i.MemManage_Handler) for MemManage_Handler
    startup_stm32f40_41xxx.o(RESET) refers to stm32f4xx_it.o(i.BusFault_Handler) for BusFault_Handler
    startup_stm32f40_41xxx.o(RESET) refers to stm32f4xx_it.o(i.UsageFault_Handler) for UsageFault_Handler
    startup_stm32f40_41xxx.o(RESET) refers to stm32f4xx_it.o(i.SVC_Handler) for SVC_Handler
    startup_stm32f40_41xxx.o(RESET) refers to stm32f4xx_it.o(i.DebugMon_Handler) for DebugMon_Handler
    startup_stm32f40_41xxx.o(RESET) refers to os_cpu_a.o(CODE) for PendSV_Handler
    startup_stm32f40_41xxx.o(RESET) refers to explore_systick.o(i.SysTick_Handler) for SysTick_Handler
    startup_stm32f40_41xxx.o(RESET) refers to explore_usart.o(i.USART1_IRQHandler) for USART1_IRQHandler
    startup_stm32f40_41xxx.o(.text) refers (Special) to heapauxi.o(.text) for __use_two_region_memory
    startup_stm32f40_41xxx.o(.text) refers to system_stm32f4xx.o(i.SystemInit) for SystemInit
    startup_stm32f40_41xxx.o(.text) refers to __main.o(!!!main) for __main
    startup_stm32f40_41xxx.o(.text) refers to startup_stm32f40_41xxx.o(HEAP) for Heap_Mem
    startup_stm32f40_41xxx.o(.text) refers to startup_stm32f40_41xxx.o(STACK) for Stack_Mem
    stm32f4xx_gpio.o(i.GPIO_DeInit) refers to stm32f4xx_rcc.o(i.RCC_AHB1PeriphResetCmd) for RCC_AHB1PeriphResetCmd
    stm32f4xx_rcc.o(i.RCC_GetClocksFreq) refers to stm32f4xx_rcc.o(.data) for APBAHBPrescTable
    stm32f4xx_rcc.o(i.RCC_WaitForHSEStartUp) refers to stm32f4xx_rcc.o(i.RCC_GetFlagStatus) for RCC_GetFlagStatus
    stm32f4xx_usart.o(i.USART_DeInit) refers to stm32f4xx_rcc.o(i.RCC_APB2PeriphResetCmd) for RCC_APB2PeriphResetCmd
    stm32f4xx_usart.o(i.USART_DeInit) refers to stm32f4xx_rcc.o(i.RCC_APB1PeriphResetCmd) for RCC_APB1PeriphResetCmd
    stm32f4xx_usart.o(i.USART_Init) refers to stm32f4xx_rcc.o(i.RCC_GetClocksFreq) for RCC_GetClocksFreq
    explore_systick.o(i.SysTick_Handler) refers to os_core.o(i.OSIntEnter) for OSIntEnter
    explore_systick.o(i.SysTick_Handler) refers to os_time.o(i.OSTimeTick) for OSTimeTick
    explore_systick.o(i.SysTick_Handler) refers to os_core.o(i.OSIntExit) for OSIntExit
    explore_systick.o(i.SysTick_Handler) refers to os_var.o(.data) for OSRunning
    explore_systick.o(i.Systick_Init) refers to misc.o(i.SysTick_CLKSourceConfig) for SysTick_CLKSourceConfig
    explore_systick.o(i.Systick_Init) refers to explore_systick.o(.data) for fac_us
    explore_systick.o(i.Systick_Init) refers to os_cfg_app.o(.constdata) for OSCfg_TickRate_Hz
    explore_systick.o(i.delay_ms) refers to explore_systick.o(i.delay_ostimedly) for delay_ostimedly
    explore_systick.o(i.delay_ms) refers to explore_systick.o(i.delay_us) for delay_us
    explore_systick.o(i.delay_ms) refers to os_var.o(.data) for OSRunning
    explore_systick.o(i.delay_ms) refers to explore_systick.o(.data) for fac_ms
    explore_systick.o(i.delay_osschedlock) refers to os_core.o(i.OSSchedLock) for OSSchedLock
    explore_systick.o(i.delay_osschedunlock) refers to os_core.o(i.OSSchedUnlock) for OSSchedUnlock
    explore_systick.o(i.delay_ostimedly) refers to os_time.o(i.OSTimeDly) for OSTimeDly
    explore_systick.o(i.delay_us) refers to explore_systick.o(i.delay_osschedlock) for delay_osschedlock
    explore_systick.o(i.delay_us) refers to explore_systick.o(i.delay_osschedunlock) for delay_osschedunlock
    explore_systick.o(i.delay_us) refers to explore_systick.o(.data) for fac_us
    explore_usart.o(.rev16_text) refers (Special) to use_no_semi_2.o(.text) for __use_no_semihosting
    explore_usart.o(.revsh_text) refers (Special) to use_no_semi_2.o(.text) for __use_no_semihosting
    explore_usart.o(i.USART1_IRQHandler) refers (Special) to use_no_semi_2.o(.text) for __use_no_semihosting
    explore_usart.o(i.USART1_IRQHandler) refers to stm32f4xx_usart.o(i.USART_GetITStatus) for USART_GetITStatus
[...]
    i._is_digit                              0x08004934   Section        0  __printf_wp.o(i._is_digit)
    i._sys_exit                              0x08004942   Section        0  explore_usart.o(i._sys_exit)
    i.delay_ms                               0x08004948   Section        0  explore_systick.o(i.delay_ms)
    i.delay_osschedlock                      0x08004998   Section        0  explore_systick.o(i.delay_osschedlock)
    i.delay_osschedunlock                    0x080049a2   Section        0  explore_systick.o(i.delay_osschedunlock)
    i.delay_ostimedly                        0x080049ac   Section        0  explore_systick.o(i.delay_ostimedly)
    i.delay_us                               0x080049bc   Section        0  explore_systick.o(i.delay_us)
    i.float_task                             0x08004a14   Section        0  stm32f4xx_main.o(i.float_task)
    i.fputc                                  0x08004a94   Section        0  explore_usart.o(i.fputc)
    i.led0_task                              0x08004ab0   Section        0  stm32f4xx_main.o(i.led0_task)
    i.led1_task                              0x08004af4   Section        0  stm32f4xx_main.o(i.led1_task)
    i.main                                   0x08004b24   Section        0  stm32f4xx_main.o(i.main)
    i.start_task                             0x08004bb8   Section        0  stm32f4xx_main.o(i.start_task)
    locale$$code                             0x08004cd0   Section       44  lc_numeric_c.o(locale$$code)
    x$fpl$dretinf                            0x08004cfc   Section       12  dretinf.o(x$fpl$dretinf)
    $v0                                      0x08004cfc   Number         0  dretinf.o(x$fpl$dretinf)
    x$fpl$f2d                                0x08004d08   Section       86  f2d.o(x$fpl$f2d)
    $v0                                      0x08004d08   Number         0  f2d.o(x$fpl$f2d)
    x$fpl$fnaninf                            0x08004d5e   Section      140  fnaninf.o(x$fpl$fnaninf)
    $v0                                      0x08004d5e   Number         0  fnaninf.o(x$fpl$fnaninf)
    x$fpl$fpinit                             0x08004dea   Section       10  fpinit.o(x$fpl$fpinit)
    $v0                                      0x08004dea   Number         0  fpinit.o(x$fpl$fpinit)
    x$fpl$printf1                            0x08004df4   Section        4  printf1.o(x$fpl$printf1)
    $v0                                      0x08004df4   Number         0  printf1.o(x$fpl$printf1)
    .constdata                               0x08004df8   Section      164  os_cfg_app.o(.constdata)
    x$fpl$usenofp                            0x08004df8   Section        0  usenofp.o(x$fpl$usenofp)
    .constdata                               0x08004e9c   Section      364  os_dbg.o(.constdata)
    .constdata                               0x08005008   Section      148  bigflt0.o(.constdata)
    tenpwrs_x                                0x08005008   Data          60  bigflt0.o(.constdata)
    tenpwrs_i                                0x08005044   Data          64  bigflt0.o(.constdata)
    locale$$data                             0x080050bc   Section       28  lc_numeric_c.o(locale$$data)
    __lcnum_c_name                           0x080050c0   Data           2  lc_numeric_c.o(locale$$data)
    __lcnum_c_start                          0x080050c8   Data           0  lc_numeric_c.o(locale$$data)
    __lcnum_c_point                          0x080050d4   Data           0  lc_numeric_c.o(locale$$data)
    __lcnum_c_thousands                      0x080050d6   Data           0  lc_numeric_c.o(locale$$data)
    __lcnum_c_grouping                       0x080050d7   Data           0  lc_numeric_c.o(locale$$data)
    __lcnum_c_end                            0x080050d8   Data           0  lc_numeric_c.o(locale$$data)
    .data                                    0x20000000   Section       16  stm32f4xx_rcc.o(.data)
    APBAHBPrescTable                         0x20000000   Data          16  stm32f4xx_rcc.o(.data)
    .data                                    0x20000010   Section        4  explore_systick.o(.data)
    fac_us                                   0x20000010   Data           1  explore_systick.o(.data)
    fac_ms                                   0x20000012   Data           2  explore_systick.o(.data)
    .data                                    0x20000014   Section        8  explore_usart.o(.data)
    .data                                    0x2000001c   Section        4  cpu_core.o(.data)
    .data                                    0x20000020   Section        8  os_prio.o(.data)
    .data                                    0x20000028   Section      172  os_var.o(.data)
    .data                                    0x200000d4   Section        4  os_cpu_c.o(.data)
    .data                                    0x200000d8   Section        4  stm32f4xx_main.o(.data)
    float_num                                0x200000d8   Data           4  stm32f4xx_main.o(.data)
    .bss                                     0x200000dc   Section      200  explore_usart.o(.bss)
    .bss                                     0x200001a4   Section       16  cpu_core.o(.bss)
    .bss                                     0x200001b4   Section     4432  os_cfg_app.o(.bss)
    .bss                                     0x20001304   Section     1564  os_var.o(.bss)
    .bss                                     0x20001920   Section     4368  stm32f4xx_main.o(.bss)
    .bss                                     0x20002a30   Section       96  libspace.o(.bss)
    HEAP                                     0x20002a90   Section      512  startup_stm32f40_41xxx.o(HEAP)
    Heap_Mem                                 0x20002a90   Data         512  startup_stm32f40_41xxx.o(HEAP)
    STACK                                    0x20002c90   Section     1024  startup_stm32f40_41xxx.o(STACK)
    Stack_Mem                                0x20002c90   Data        1024  startup_stm32f40_41xxx.o(STACK)
    __initial_sp                             0x20003090   Data           0  startup_stm32f40_41xxx.o(STACK)

    Global Symbols

    Symbol Name                              Value     Ov Type        Size  Object(Section)

    BuildAttributes$$THM_ISAv4$E$P$D$K$B$S$7EM$VFPi3$EXTD16$VFPS$VFMA$PE$A:L22UL41UL21$X:L11$S22US41US21$IEEE1$IW$USESV6$~STKCKD$USESV7$~SHL$OTIME$ROPI$IEEEJ$EBA8$UX$STANDARDLIB$REQ8$PRES8$EABIv2 0x00000000   Number         0  anon$$obj.o ABSOLUTE
    __ARM_use_no_argv                        0x00000000   Number         0  stm32f4xx_main.o ABSOLUTE
    _printf_flags                            0x00000000   Number         0  printf_stubs.o ABSOLUTE
    _printf_return_value                     0x00000000   Number         0  printf_stubs.o ABSOLUTE
    _printf_sizespec                         0x00000000   Number         0  printf_stubs.o ABSOLUTE
    _printf_widthprec                        0x00000000   Number         0  printf_stubs.o ABSOLUTE
    __ARM_exceptions_init                     - Undefined Weak Reference
    __alloca_initialize                       - Undefined Weak Reference
    __arm_preinit_                            - Undefined Weak Reference
    __cpp_initialize__aeabi_                  - Undefined Weak Reference
    __cxa_finalize                            - Undefined Weak Reference
    __sigvec_lookup                           - Undefined Weak Reference
    _atexit_init                              - Undefined Weak Reference
    _call_atexit_fns                          - Undefined Weak Reference
    _clock_init                               - Undefined Weak Reference
    _fp_trap_init                             - Undefined Weak Reference
    _fp_trap_shutdown                         - Undefined Weak Reference
    _get_lc_collate                           - Undefined Weak Reference
    _get_lc_ctype                             - Undefined Weak Reference
    _get_lc_monetary                          - Undefined Weak Reference
    _get_lc_time                              - Undefined Weak Reference
    _getenv_init                              - Undefined Weak Reference
    _handle_redirection                       - Undefined Weak Reference
    _init_alloc                               - Undefined Weak Reference
    _init_user_alloc                          - Undefined Weak Reference
    _initio                                   - Undefined Weak Reference
    _mutex_acquire                            - Undefined Weak Reference
    _mutex_release                            - Undefined Weak Reference
    _printf_post_padding                      - Undefined Weak Reference
    _printf_pre_padding                       - Undefined Weak Reference
    _rand_init                                - Undefined Weak Reference
    _signal_finish                            - Undefined Weak Reference
    _signal_init                              - Undefined Weak Reference
    _terminate_alloc                          - Undefined Weak Reference
    _terminate_user_alloc                     - Undefined Weak Reference
    _terminateio                              - Undefined Weak Reference
    __Vectors_Size                           0x00000188   Number         0  startup_stm32f40_41xxx.o ABSOLUTE
    __Vectors                                0x08000000   Data           4  startup_stm32f40_41xxx.o(RESET)
    __Vectors_End                            0x08000188   Data           0  startup_stm32f40_41xxx.o(RESET)
    __main                                   0x08000189   Thumb Code     8  __main.o(!!!main)
    __scatterload                            0x08000191   Thumb Code     0  __scatter.o(!!!scatter)
    __scatterload_rt2                        0x08000191   Thumb Code    44  __scatter.o(!!!scatter)
    __scatterload_rt2_thumb_only             0x08000191   Thumb Code     0  __scatter.o(!!!scatter)
    __scatterload_null                       0x0800019f   Thumb Code     0  __scatter.o(!!!scatter)
    __scatterload_copy                       0x080001c5   Thumb Code    26  __scatter_copy.o(!!handler_copy)
    __scatterload_zeroinit                   0x080001e1   Thumb Code    28  __scatter_zi.o(!!handler_zi)
    _printf_f                                0x080001fd   Thumb Code     0  _printf_f.o(.ARM.Collect$$_printf_percent$$00000003)
    _printf_percent                          0x080001fd   Thumb Code     0  _printf_percent.o(.ARM.Collect$$_printf_percent$$00000000)
    _printf_percent_end                      0x08000203   Thumb Code     0  _printf_percent_end.o(.ARM.Collect$$_printf_percent$$00000017)
    __rt_lib_init                            0x08000207   Thumb Code     0  libinit.o(.ARM.Collect$$libinit$$00000000)
    __rt_lib_init_fp_1                       0x08000209   Thumb Code     0  libinit2.o(.ARM.Collect$$libinit$$00000001)
    __rt_lib_init_heap_1                     0x0800020d   Thumb Code     0  libinit2.o(.ARM.Collect$$libinit$$0000000A)
    __rt_lib_init_lc_common                  0x0800020d   Thumb Code     0  libinit2.o(.ARM.Collect$$libinit$$0000000F)
    __rt_lib_init_preinit_1                  0x0800020d   Thumb Code     0  libinit2.o(.ARM.Collect$$libinit$$00000004)
    __rt_lib_init_rand_1                     0x0800020d   Thumb Code     0  libinit2.o(.ARM.Collect$$libinit$$0000000E)
    __rt_lib_init_user_alloc_1               0x0800020d   Thumb Code     0  libinit2.o(.ARM.Collect$$libinit$$0000000C)
    __rt_lib_init_lc_collate_1               0x08000213   Thumb Code     0  libinit2.o(.ARM.Collect$$libinit$$00000011)
    __rt_lib_init_lc_ctype_1                 0x08000213   Thumb Code     0  libinit2.o(.ARM.Collect$$libinit$$00000013)
    __rt_lib_init_lc_monetary_1              0x08000213   Thumb Code     0  libinit2.o(.ARM.Collect$$libinit$$00000015)
    __rt_lib_init_lc_numeric_2               0x08000213   Thumb Code     0  libinit2.o(.ARM.Collect$$libinit$$00000016)
    __rt_lib_init_alloca_1                   0x0800021d   Thumb Code     0  libinit2.o(.ARM.Collect$$libinit$$0000002E)
    __rt_lib_init_argv_1                     0x0800021d   Thumb Code     0  libinit2.o(.ARM.Collect$$libinit$$0000002C)
    __rt_lib_init_atexit_1                   0x0800021d   Thumb Code     0  libinit2.o(.ARM.Collect$$libinit$$0000001B)
    __rt_lib_init_clock_1                    0x0800021d   Thumb Code     0  libinit2.o(.ARM.Collect$$libinit$$00000021)
    __rt_lib_init_cpp_1                      0x0800021d   Thumb Code     0  libinit2.o(.ARM.Collect$$libinit$$00000032)
    __rt_lib_init_exceptions_1               0x0800021d   Thumb Code     0  libinit2.o(.ARM.Collect$$libinit$$00000030)
    __rt_lib_init_fp_trap_1                  0x0800021d   Thumb Code     0  libinit2.o(.ARM.Collect$$libinit$$0000001F)
    __rt_lib_init_getenv_1                   0x0800021d   Thumb Code     0  libinit2.o(.ARM.Collect$$libinit$$00000023)
    __rt_lib_init_lc_numeric_1               0x0800021d   Thumb Code     0  libinit2.o(.ARM.Collect$$libinit$$00000017)
    __rt_lib_init_lc_time_1                  0x0800021d   Thumb Code     0  libinit2.o(.ARM.Collect$$libinit$$00000019)
    __rt_lib_init_return                     0x0800021d   Thumb Code     0  libinit2.o(.ARM.Collect$$libinit$$00000033)
    __rt_lib_init_signal_1                   0x0800021d   Thumb Code     0  libinit2.o(.ARM.Collect$$libinit$$0000001D)
    __rt_lib_init_stdio_1                    0x0800021d   Thumb Code     0  libinit2.o(.ARM.Collect$$libinit$$00000025)
    __rt_lib_shutdown                        0x0800021f   Thumb Code     0  libshutdown.o(.ARM.Collect$$libshutdown$$00000000)
    __rt_lib_shutdown_cpp_1                  0x08000221   Thumb Code     0  libshutdown2.o(.ARM.Collect$$libshutdown$$00000002)
    __rt_lib_shutdown_fp_trap_1              0x08000221   Thumb Code     0  libshutdown2.o(.ARM.Collect$$libshutdown$$00000007)
    __rt_lib_shutdown_heap_1                 0x08000221   Thumb Code     0  libshutdown2.o(.ARM.Collect$$libshutdown$$0000000F)
    __rt_lib_shutdown_return                 0x08000221   Thumb Code     0  libshutdown2.o(.ARM.Collect$$libshutdown$$00000010)
    __rt_lib_shutdown_signal_1               0x08000221   Thumb Code     0  libshutdown2.o(.ARM.Collect$$libshutdown$$0000000A)
    __rt_lib_shutdown_stdio_1                0x08000221   Thumb Code     0  libshutdown2.o(.ARM.Collect$$libshutdown$$00000004)
    __rt_lib_shutdown_user_alloc_1           0x08000221   Thumb Code     0  libshutdown2.o(.ARM.Collect$$libshutdown$$0000000C)
    __rt_entry                               0x08000223   Thumb Code     0  __rtentry.o(.ARM.Collect$$rtentry$$00000000)
    __rt_entry_presh_1                       0x08000223   Thumb Code     0  __rtentry2.o(.ARM.Collect$$rtentry$$00000002)
    __rt_entry_sh                            0x08000223   Thumb Code     0  __rtentry4.o(.ARM.Collect$$rtentry$$00000004)
    __rt_entry_li                            0x08000229   Thumb Code     0  __rtentry2.o(.ARM.Collect$$rtentry$$0000000A)
    __rt_entry_postsh_1                      0x08000229   Thumb Code     0  __rtentry2.o(.ARM.Collect$$rtentry$$00000009)
    __rt_entry_main                          0x0800022d   Thumb Code     0  __rtentry2.o(.ARM.Collect$$rtentry$$0000000D)
    __rt_entry_postli_1                      0x0800022d   Thumb Code     0  __rtentry2.o(.ARM.Collect$$rtentry$$0000000C)
    __rt_exit                                0x08000235   Thumb Code     0  rtexit.o(.ARM.Collect$$rtexit$$00000000)
    __rt_exit_ls                             0x08000237   Thumb Code     0  rtexit2.o(.ARM.Collect$$rtexit$$00000003)
    __rt_exit_prels_1                        0x08000237   Thumb Code     0  rtexit2.o(.ARM.Collect$$rtexit$$00000002)
    __rt_exit_exit                           0x0800023b   Thumb Code     0  rtexit2.o(.ARM.Collect$$rtexit$$00000004)
    Reset_Handler                            0x08000241   Thumb Code     8  startup_stm32f40_41xxx.o(.text)
    ADC_IRQHandler                           0x0800025b   Thumb Code     0  startup_stm32f40_41xxx.o(.text)
    CAN1_RX0_IRQHandler                      0x0800025b   Thumb Code     0  startup_stm32f40_41xxx.o(.text)
    CAN1_RX1_IRQHandler                      0x0800025b   Thumb Code     0  startup_stm32f40_41xxx.o(.text)
    CAN1_SCE_IRQHandler                      0x0800025b   Thumb Code     0  startup_stm32f40_41xxx.o(.text)
    CAN1_TX_IRQHandler                       0x0800025b   Thumb Code     0  startup_stm32f40_41xxx.o(.text)
    CAN2_RX0_IRQHandler                      0x0800025b   Thumb Code     0  startup_stm32f40_41xxx.o(.text)
    CAN2_RX1_IRQHandler                      0x0800025b   Thumb Code     0  startup_stm32f40_41xxx.o(.text)
    CAN2_SCE_IRQHandler                      0x0800025b   Thumb Code     0  startup_stm32f40_41xxx.o(.text)
    CAN2_TX_IRQHandler                       0x0800025b   Thumb Code     0  startup_stm32f40_41xxx.o(.text)
    CRYP_IRQHandler                          0x0800025b   Thumb Code     0  startup_stm32f40_41xxx.o(.text)
    DCMI_IRQHandler                          0x0800025b   Thumb Code     0  startup_stm32f40_41xxx.o(.text)
    DMA1_Stream0_IRQHandler                  0x0800025b   Thumb Code     0  startup_stm32f40_41xxx.o(.text)
    DMA1_Stream1_IRQHandler                  0x0800025b   Thumb Code     0  startup_stm32f40_41xxx.o(.text)
    DMA1_Stream2_IRQHandler                  0x0800025b   Thumb Code     0  startup_stm32f40_41xxx.o(.text)
    DMA1_Stream3_IRQHandler                  0x0800025b   Thumb Code     0  startup_stm32f40_41xxx.o(.text)
    DMA1_Stream4_IRQHandler                  0x0800025b   Thumb Code     0  startup_stm32f40_41xxx.o(.text)
    DMA1_Stream5_IRQHandler                  0x0800025b   Thumb Code     0  startup_stm32f40_41xxx.o(.text)
    DMA1_Stream6_IRQHandler                  0x0800025b   Thumb Code     0  startup_stm32f40_41xxx.o(.text)
    DMA1_Stream7_IRQHandler                  0x0800025b   Thumb Code     0  startup_stm32f40_41xxx.o(.text)
    DMA2_Stream0_IRQHandler                  0x0800025b   Thumb Code     0  startup_stm32f40_41xxx.o(.text)
    DMA2_Stream1_IRQHandler                  0x0800025b   Thumb Code     0  startup_stm32f40_41xxx.o(.text)
    DMA2_Stream2_IRQHandler                  0x0800025b   Thumb Code     0  startup_stm32f40_41xxx.o(.text)
    DMA2_Stream3_IRQHandler                  0x0800025b   Thumb Code     0  startup_stm32f40_41xxx.o(.text)
    DMA2_Stream4_IRQHandler                  0x0800025b   Thumb Code     0  startup_stm32f40_41xxx.o(.text)
    DMA2_Stream5_IRQHandler                  0x0800025b   Thumb Code     0  startup_stm32f40_41xxx.o(.text)
    DMA2_Stream6_IRQHandler                  0x0800025b   Thumb Code     0  startup_stm32f40_41xxx.o(.text)
    DMA2_Stream7_IRQHandler                  0x0800025b   Thumb Code     0  startup_stm32f40_41xxx.o(.text)
    ETH_IRQHandler                           0x0800025b   Thumb Code     0  startup_stm32f40_41xxx.o(.text)
    ETH_WKUP_IRQHandler                      0x0800025b   Thumb Code     0  startup_stm32f40_41xxx.o(.text)
    EXTI0_IRQHandler                         0x0800025b   Thumb Code     0  startup_stm32f40_41xxx.o(.text)
    EXTI15_10_IRQHandler                     0x0800025b   Thumb Code     0  startup_stm32f40_41xxx.o(.text)
    EXTI1_IRQHandler                         0x0800025b   Thumb Code     0  startup_stm32f40_41xxx.o(.text)
    EXTI2_IRQHandler                         0x0800025b   Thumb Code     0  startup_stm32f40_41xxx.o(.text)
    EXTI3_IRQHandler                         0x0800025b   Thumb Code     0  startup_stm32f40_41xxx.o(.text)
    EXTI4_IRQHandler                         0x0800025b   Thumb Code     0  startup_stm32f40_41xxx.o(.text)
    EXTI9_5_IRQHandler                       0x0800025b   Thumb Code     0  startup_stm32f40_41xxx.o(.text)
    FLASH_IRQHandler                         0x0800025b   Thumb Code     0  startup_stm32f40_41xxx.o(.text)
    FPU_IRQHandler                           0x0800025b   Thumb Code     0  startup_stm32f40_41xxx.o(.text)
    FSMC_IRQHandler                          0x0800025b   Thumb Code     0  startup_stm32f40_41xxx.o(.text)
    HASH_RNG_IRQHandler                      0x0800025b   Thumb Code     0  startup_stm32f40_41xxx.o(.text)
    I2C1_ER_IRQHandler                       0x0800025b   Thumb Code     0  startup_stm32f40_41xxx.o(.text)
    I2C1_EV_IRQHandler                       0x0800025b   Thumb Code     0  startup_stm32f40_41xxx.o(.text)
    I2C2_ER_IRQHandler                       0x0800025b   Thumb Code     0  startup_stm32f40_41xxx.o(.text)
    I2C2_EV_IRQHandler                       0x0800025b   Thumb Code     0  startup_stm32f40_41xxx.o(.text)
    I2C3_ER_IRQHandler                       0x0800025b   Thumb Code     0  startup_stm32f40_41xxx.o(.text)
    I2C3_EV_IRQHandler                       0x0800025b   Thumb Code     0  startup_stm32f40_41xxx.o(.text)
    OTG_FS_IRQHandler                        0x0800025b   Thumb Code     0  startup_stm32f40_41xxx.o(.text)
    OTG_FS_WKUP_IRQHandler                   0x0800025b   Thumb Code     0  startup_stm32f40_41xxx.o(.text)
    OTG_HS_EP1_IN_IRQHandler                 0x0800025b   Thumb Code     0  startup_stm32f40_41xxx.o(.text)
    OTG_HS_EP1_OUT_IRQHandler                0x0800025b   Thumb Code     0  startup_stm32f40_41xxx.o(.text)
    OTG_HS_IRQHandler                        0x0800025b   Thumb Code     0  startup_stm32f40_41xxx.o(.text)
    OTG_HS_WKUP_IRQHandler                   0x0800025b   Thumb Code     0  startup_stm32f40_41xxx.o(.text)
    PVD_IRQHandler                           0x0800025b   Thumb Code     0  startup_stm32f40_41xxx.o(.text)
    RCC_IRQHandler                           0x0800025b   Thumb Code     0  startup_stm32f40_41xxx.o(.text)
    RTC_Alarm_IRQHandler                     0x0800025b   Thumb Code     0  startup_stm32f40_41xxx.o(.text)
    RTC_WKUP_IRQHandler                      0x0800025b   Thumb Code     0  startup_stm32f40_41xxx.o(.text)
    SDIO_IRQHandler                          0x0800025b   Thumb Code     0  startup_stm32f40_41xxx.o(.text)
    SPI1_IRQHandler                          0x0800025b   Thumb Code     0  startup_stm32f40_41xxx.o(.text)
    SPI2_IRQHandler                          0x0800025b   Thumb Code     0  startup_stm32f40_41xxx.o(.text)
    SPI3_IRQHandler                          0x0800025b   Thumb Code     0  startup_stm32f40_41xxx.o(.text)
    TAMP_STAMP_IRQHandler                    0x0800025b   Thumb Code     0  startup_stm32f40_41xxx.o(.text)
    TIM1_BRK_TIM9_IRQHandler                 0x0800025b   Thumb Code     0  startup_stm32f40_41xxx.o(.text)
    TIM1_CC_IRQHandler                       0x0800025b   Thumb Code     0  startup_stm32f40_41xxx.o(.text)
    TIM1_TRG_COM_TIM11_IRQHandler            0x0800025b   Thumb Code     0  startup_stm32f40_41xxx.o(.text)
    TIM1_UP_TIM10_IRQHandler                 0x0800025b   Thumb Code     0  startup_stm32f40_41xxx.o(.text)
    TIM2_IRQHandler                          0x0800025b   Thumb Code     0  startup_stm32f40_41xxx.o(.text)
    TIM3_IRQHandler                          0x0800025b   Thumb Code     0  startup_stm32f40_41xxx.o(.text)
    TIM4_IRQHandler                          0x0800025b   Thumb Code     0  startup_stm32f40_41xxx.o(.text)
    TIM5_IRQHandler                          0x0800025b   Thumb Code     0  startup_stm32f40_41xxx.o(.text)
    TIM6_DAC_IRQHandler                      0x0800025b   Thumb Code     0  startup_stm32f40_41xxx.o(.text)
    TIM7_IRQHandler                          0x0800025b   Thumb Code     0  startup_stm32f40_41xxx.o(.text)
    TIM8_BRK_TIM12_IRQHandler                0x0800025b   Thumb Code     0  startup_stm32f40_41xxx.o(.text)
    TIM8_CC_IRQHandler                       0x0800025b   Thumb Code     0  startup_stm32f40_41xxx.o(.text)
    TIM8_TRG_COM_TIM14_IRQHandler            0x0800025b   Thumb Code     0  startup_stm32f40_41xxx.o(.text)
    TIM8_UP_TIM13_IRQHandler                 0x0800025b   Thumb Code     0  startup_stm32f40_41xxx.o(.text)
    UART4_IRQHandler                         0x0800025b   Thumb Code     0  startup_stm32f40_41xxx.o(.text)
    UART5_IRQHandler                         0x0800025b   Thumb Code     0  startup_stm32f40_41xxx.o(.text)
    USART2_IRQHandler                        0x0800025b   Thumb Code     0  startup_stm32f40_41xxx.o(.text)
    USART3_IRQHandler                        0x0800025b   Thumb Code     0  startup_stm32f40_41xxx.o(.text)
    USART6_IRQHandler                        0x0800025b   Thumb Code     0  startup_stm32f40_41xxx.o(.text)
    WWDG_IRQHandler                          0x0800025b   Thumb Code     0  startup_stm32f40_41xxx.o(.text)
    __user_initial_stackheap                 0x0800025d   Thumb Code     0  startup_stm32f40_41xxx.o(.text)
    CPU_IntDis                               0x08000281   Thumb Code     0  cpu_a.o(.text)
    CPU_IntEn                                0x08000285   Thumb Code     0  cpu_a.o(.text)
    CPU_SR_Save                              0x08000289   Thumb Code     0  cpu_a.o(.text)
    CPU_SR_Restore                           0x08000291   Thumb Code     0  cpu_a.o(.text)
    CPU_WaitForInt                           0x08000297   Thumb Code     0  cpu_a.o(.text)
    CPU_WaitForExcept                        0x0800029b   Thumb Code     0  cpu_a.o(.text)
    CPU_CntLeadZeros                         0x0800029f   Thumb Code     0  cpu_a.o(.text)
    CPU_CntTrailZeros                        0x080002a5   Thumb Code     0  cpu_a.o(.text)
    CPU_RevBits                              0x080002af   Thumb Code     0  cpu_a.o(.text)
    __use_no_semihosting                     0x080002b5   Thumb Code     2  use_no_semi_2.o(.text)
    __2printf                                0x080002b9   Thumb Code    20  noretval__2printf.o(.text)
    __printf                                 0x080002d1   Thumb Code   270  __printf_wp.o(.text)
    __use_two_region_memory                  0x080003df   Thumb Code     2  heapauxi.o(.text)
    __rt_heap_escrow$2region                 0x080003e1   Thumb Code     2  heapauxi.o(.text)
    __rt_heap_expand$2region                 0x080003e3   Thumb Code     2  heapauxi.o(.text)
    __I$use$semihosting                      0x080003e5   Thumb Code     0  use_no_semi.o(.text)
    __use_no_semihosting_swi                 0x080003e5   Thumb Code     2  use_no_semi.o(.text)
    __lib_sel_fp_printf                      0x080003e7   Thumb Code     2  _printf_fp_dec.o(.text)
    _printf_fp_dec_real                      0x08000595   Thumb Code   620  _printf_fp_dec.o(.text)
    _printf_char_file                        0x08000801   Thumb Code    32  _printf_char_file.o(.text)
    __rt_locale                              0x08000825   Thumb Code     8  rt_locale_intlibspace.o(.text)
    _ll_udiv10                               0x0800082d   Thumb Code   138  lludiv10.o(.text)
    _printf_char_common                      0x080008c3   Thumb Code    32  _printf_char_common.o(.text)
    _printf_fp_infnan                        0x080008e9   Thumb Code   112  _printf_fp_infnan.o(.text)
    _btod_etento                             0x08000969   Thumb Code   216  bigflt0.o(.text)
    ferror                                   0x08000a45   Thumb Code     8  ferror.o(.text)
    __user_libspace                          0x08000a4d   Thumb Code     8  libspace.o(.text)
    __user_perproc_libspace                  0x08000a4d   Thumb Code     0  libspace.o(.text)
    __user_perthread_libspace                0x08000a4d   Thumb Code     0  libspace.o(.text)
    __user_setup_stackheap                   0x08000a55   Thumb Code    74  sys_stackheap_outer.o(.text)
    exit                                     0x08000a9f   Thumb Code    18  exit.o(.text)
    strcmp                                   0x08000ab1   Thumb Code   128  strcmpv7m.o(.text)
    _btod_d2e                                0x08000b31   Thumb Code    62  btod.o(CL$$btod_d2e)
    _d2e_denorm_low                          0x08000b6f   Thumb Code    70  btod.o(CL$$btod_d2e_denorm_low)
    _d2e_norm_op1                            0x08000bb5   Thumb Code    96  btod.o(CL$$btod_d2e_norm_op1)
    __btod_div_common                        0x08000c15   Thumb Code   696  btod.o(CL$$btod_div_common)
    _e2e                                     0x08000f4d   Thumb Code   198  btod.o(CL$$btod_e2e)
    _btod_ediv                               0x08001013   Thumb Code    40  btod.o(CL$$btod_ediv)
    _btod_emul                               0x0800103b   Thumb Code    40  btod.o(CL$$btod_emul)
    __btod_mult_common                       0x08001063   Thumb Code   580  btod.o(CL$$btod_mult_common)
    OSStartHighRdy                           0x080012a9   Thumb Code     0  os_cpu_a.o(CODE)
    OSCtxSw                                  0x080012cb   Thumb Code     0  os_cpu_a.o(CODE)
    OSIntCtxSw                               0x080012d5   Thumb Code     0  os_cpu_a.o(CODE)
    PendSV_Handler                           0x080012df   Thumb Code     0  os_cpu_a.o(CODE)
    BSP_CPU_ClkFreq                          0x08001355   Thumb Code    14  bsp.o(i.BSP_CPU_ClkFreq)
    BusFault_Handler                         0x08001363   Thumb Code     4  stm32f4xx_it.o(i.BusFault_Handler)
    CPU_Init                                 0x08001367   Thumb Code    12  cpu_core.o(i.CPU_Init)
    CPU_NameClr                              0x08001375   Thumb Code    42  cpu_core.o(i.CPU_NameClr)
    CPU_TS_TmrFreqSet                        0x080013c1   Thumb Code     6  cpu_core.o(i.CPU_TS_TmrFreqSet)
    CPU_TS_TmrInit                           0x080013cd   Thumb Code    44  bsp.o(i.CPU_TS_TmrInit)
    CPU_TS_TmrRd                             0x08001401   Thumb Code     6  bsp.o(i.CPU_TS_TmrRd)
    DebugMon_Handler                         0x0800140d   Thumb Code     2  stm32f4xx_it.o(i.DebugMon_Handler)
    GPIO_Init                                0x0800140f   Thumb Code   144  stm32f4xx_gpio.o(i.GPIO_Init)
    GPIO_PinAFConfig                         0x0800149f   Thumb Code    70  stm32f4xx_gpio.o(i.GPIO_PinAFConfig)
    GPIO_SetBits                             0x080014e5   Thumb Code     4  stm32f4xx_gpio.o(i.GPIO_SetBits)
    HardFault_Handler                        0x080014e9   Thumb Code     4  stm32f4xx_it.o(i.HardFault_Handler)
    LED_Init                                 0x080014ed   Thumb Code    60  driver_led.o(i.LED_Init)
    MemManage_Handler                        0x0800152d   Thumb Code     4  stm32f4xx_it.o(i.MemManage_Handler)
    Mem_Clr                                  0x08001531   Thumb Code    18  lib_mem.o(i.Mem_Clr)
    Mem_Set                                  0x08001543   Thumb Code    84  lib_mem.o(i.Mem_Set)
    NMI_Handler                              0x08001597   Thumb Code     2  stm32f4xx_it.o(i.NMI_Handler)
    NVIC_Init                                0x08001599   Thumb Code   106  misc.o(i.NVIC_Init)
    NVIC_PriorityGroupConfig                 0x08001611   Thumb Code    10  misc.o(i.NVIC_PriorityGroupConfig)
    OSCfg_Init                               0x08001625   Thumb Code     2  os_cfg_app.o(i.OSCfg_Init)
    OSIdleTaskHook                           0x08001629   Thumb Code    16  os_cpu_c.o(i.OSIdleTaskHook)
    OSInit                                   0x0800163d   Thumb Code   270  os_core.o(i.OSInit)
    OSInitHook                               0x080017a1   Thumb Code    28  os_cpu_c.o(i.OSInitHook)
    OSIntEnter                               0x080017c9   Thumb Code    34  os_core.o(i.OSIntEnter)
    OSIntExit                                0x080017f5   Thumb Code   188  os_core.o(i.OSIntExit)
    OSSched                                  0x080018d1   Thumb Code   130  os_core.o(i.OSSched)
    OSSchedLock                              0x08001971   Thumb Code   104  os_core.o(i.OSSchedLock)
    OSSchedUnlock                            0x080019e5   Thumb Code   136  os_core.o(i.OSSchedUnlock)
    OSStart                                  0x08001a79   Thumb Code    78  os_core.o(i.OSStart)
    OSStatReset                              0x08001ae1   Thumb Code   262  os_stat.o(i.OSStatReset)
    OSStatTaskCPUUsageInit                   0x08001c09   Thumb Code   212  os_stat.o(i.OSStatTaskCPUUsageInit)
    OSStatTaskHook                           0x08001cf9   Thumb Code    16  os_cpu_c.o(i.OSStatTaskHook)
    OSTaskCreate                             0x08001d0d   Thumb Code   396  os_task.o(i.OSTaskCreate)
    OSTaskCreateHook                         0x08001ead   Thumb Code    20  os_cpu_c.o(i.OSTaskCreateHook)
    OSTaskDel                                0x08001ec5   Thumb Code   278  os_task.o(i.OSTaskDel)
    OSTaskDelHook                            0x08001fed   Thumb Code    20  os_cpu_c.o(i.OSTaskDelHook)
    OSTaskResume                             0x08002005   Thumb Code    96  os_task.o(i.OSTaskResume)
    OSTaskReturnHook                         0x0800206d   Thumb Code    20  os_cpu_c.o(i.OSTaskReturnHook)
    OSTaskSemPend                            0x08002085   Thumb Code   464  os_task.o(i.OSTaskSemPend)
    OSTaskSemPost                            0x08002261   Thumb Code    62  os_task.o(i.OSTaskSemPost)
    OSTaskStkChk                             0x080022a1   Thumb Code   204  os_task.o(i.OSTaskStkChk)
    OSTaskStkInit                            0x08002375   Thumb Code   600  os_cpu_c.o(i.OSTaskStkInit)
    OSTaskSuspend                            0x080025d1   Thumb Code    48  os_task.o(i.OSTaskSuspend)
    OSTaskSwHook                             0x08002609   Thumb Code   120  os_cpu_c.o(i.OSTaskSwHook)
    OSTimeDly                                0x08002691   Thumb Code   182  os_time.o(i.OSTimeDly)
    OSTimeDlyHMSM                            0x08002755   Thumb Code   394  os_time.o(i.OSTimeDlyHMSM)
    OSTimeTick                               0x080028f1   Thumb Code    50  os_time.o(i.OSTimeTick)
    OSTimeTickHook                           0x08002935   Thumb Code    16  os_cpu_c.o(i.OSTimeTickHook)
    OS_Dbg_Init                              0x08002949   Thumb Code   148  os_dbg.o(i.OS_Dbg_Init)
    OS_FlagInit                              0x08002af5   Thumb Code    14  os_flag.o(i.OS_FlagInit)
    OS_IdleTask                              0x08002b0d   Thumb Code    60  os_core.o(i.OS_IdleTask)
    OS_IdleTaskInit                          0x08002b51   Thumb Code    66  os_core.o(i.OS_IdleTaskInit)
    OS_MemInit                               0x08002bc1   Thumb Code    14  os_mem.o(i.OS_MemInit)
    OS_MsgPoolInit                           0x08002bd9   Thumb Code   110  os_msg.o(i.OS_MsgPoolInit)
    OS_MsgQFreeAll                           0x08002c55   Thumb Code    62  os_msg.o(i.OS_MsgQFreeAll)
    OS_MsgQInit                              0x08002c99   Thumb Code    14  os_msg.o(i.OS_MsgQInit)
    OS_MutexInit                             0x08002ca9   Thumb Code    14  os_mutex.o(i.OS_MutexInit)
    OS_Pend                                  0x08002cc1   Thumb Code    98  os_core.o(i.OS_Pend)
    OS_PendDataInit                          0x08002d29   Thumb Code    38  os_core.o(i.OS_PendDataInit)
    OS_PendDbgNameAdd                        0x08002d51   Thumb Code    66  os_core.o(i.OS_PendDbgNameAdd)
    OS_PendDbgNameRemove                     0x08002dad   Thumb Code    30  os_core.o(i.OS_PendDbgNameRemove)
    OS_PendListInsertPrio                    0x08002dd1   Thumb Code   102  os_core.o(i.OS_PendListInsertPrio)
    OS_PendListRemove                        0x08002e37   Thumb Code    48  os_core.o(i.OS_PendListRemove)
    OS_PendListRemove1                       0x08002e67   Thumb Code    66  os_core.o(i.OS_PendListRemove1)
    OS_Post                                  0x08002ea9   Thumb Code   192  os_core.o(i.OS_Post)
    OS_Post1                                 0x08002f69   Thumb Code    42  os_core.o(i.OS_Post1)
    OS_PrioGetHighest                        0x08002f95   Thumb Code    36  os_prio.o(i.OS_PrioGetHighest)
    OS_PrioInit                              0x08002fbd   Thumb Code    20  os_prio.o(i.OS_PrioInit)
    OS_PrioInsert                            0x08002fd5   Thumb Code    32  os_prio.o(i.OS_PrioInsert)
    OS_PrioRemove                            0x08002ff9   Thumb Code    32  os_prio.o(i.OS_PrioRemove)
    OS_QInit                                 0x0800301d   Thumb Code    14  os_q.o(i.OS_QInit)
    OS_RdyListInit                           0x08003035   Thumb Code    32  os_core.o(i.OS_RdyListInit)
    OS_RdyListInsert                         0x08003059   Thumb Code    40  os_core.o(i.OS_RdyListInsert)
    OS_RdyListInsertHead                     0x08003085   Thumb Code    58  os_core.o(i.OS_RdyListInsertHead)
    OS_RdyListInsertTail                     0x080030c5   Thumb Code    56  os_core.o(i.OS_RdyListInsertTail)
    OS_RdyListRemove                         0x08003101   Thumb Code    86  os_core.o(i.OS_RdyListRemove)
    OS_SchedLockTimeMeasStart                0x0800315d   Thumb Code    20  os_core.o(i.OS_SchedLockTimeMeasStart)
    OS_SchedLockTimeMeasStop                 0x08003179   Thumb Code    44  os_core.o(i.OS_SchedLockTimeMeasStop)
    OS_SemInit                               0x080031b5   Thumb Code    14  os_sem.o(i.OS_SemInit)
    OS_StatTask                              0x080031cd   Thumb Code   686  os_stat.o(i.OS_StatTask)
    OS_StatTaskInit                          0x080034b9   Thumb Code   136  os_stat.o(i.OS_StatTaskInit)
    OS_TaskBlock                             0x08003585   Thumb Code    56  os_core.o(i.OS_TaskBlock)
    OS_TaskDbgListAdd                        0x080035bd   Thumb Code    42  os_task.o(i.OS_TaskDbgListAdd)
    OS_TaskDbgListRemove                     0x080035ed   Thumb Code    64  os_task.o(i.OS_TaskDbgListRemove)
    OS_TaskInit                              0x08003631   Thumb Code    18  os_task.o(i.OS_TaskInit)
    OS_TaskInitTCB                           0x08003651   Thumb Code   186  os_task.o(i.OS_TaskInitTCB)
    OS_TaskRdy                               0x08003719   Thumb Code    28  os_core.o(i.OS_TaskRdy)
    OS_TaskResume                            0x08003735   Thumb Code   256  os_task.o(i.OS_TaskResume)
    OS_TaskReturn                            0x08003835   Thumb Code    20  os_task.o(i.OS_TaskReturn)
    OS_TaskSemPost                           0x0800384d   Thumb Code   448  os_task.o(i.OS_TaskSemPost)
    OS_TaskSuspend                           0x08003a11   Thumb Code   272  os_task.o(i.OS_TaskSuspend)
    OS_TickListInit                          0x08003b29   Thumb Code    32  os_tick.o(i.OS_TickListInit)
    OS_TickListInsert                        0x08003b51   Thumb Code   430  os_tick.o(i.OS_TickListInsert)
    OS_TickListRemove                        0x08003d0d   Thumb Code    56  os_tick.o(i.OS_TickListRemove)
    OS_TickListResetPeak                     0x08003d45   Thumb Code    28  os_tick.o(i.OS_TickListResetPeak)
    OS_TickListUpdate                        0x08003d69   Thumb Code   376  os_tick.o(i.OS_TickListUpdate)
    OS_TickTask                              0x08003ef1   Thumb Code    38  os_tick.o(i.OS_TickTask)
    OS_TickTaskInit                          0x08003f1d   Thumb Code   128  os_tick.o(i.OS_TickTaskInit)
    OS_TmrInit                               0x08003fd5   Thumb Code   206  os_tmr.o(i.OS_TmrInit)
    OS_TmrLink                               0x080040fd   Thumb Code   196  os_tmr.o(i.OS_TmrLink)
    OS_TmrResetPeak                          0x080041cd   Thumb Code    28  os_tmr.o(i.OS_TmrResetPeak)
    OS_TmrTask                               0x080041f1   Thumb Code   176  os_tmr.o(i.OS_TmrTask)
    OS_TmrUnlink                             0x080042b1   Thumb Code    72  os_tmr.o(i.OS_TmrUnlink)
    RCC_AHB1PeriphClockCmd                   0x08004301   Thumb Code    26  stm32f4xx_rcc.o(i.RCC_AHB1PeriphClockCmd)
    RCC_APB2PeriphClockCmd                   0x08004321   Thumb Code    26  stm32f4xx_rcc.o(i.RCC_APB2PeriphClockCmd)
    RCC_GetClocksFreq                        0x08004341   Thumb Code   214  stm32f4xx_rcc.o(i.RCC_GetClocksFreq)
    SVC_Handler                              0x08004429   Thumb Code     2  stm32f4xx_it.o(i.SVC_Handler)
    SysTick_CLKSourceConfig                  0x08004519   Thumb Code    40  misc.o(i.SysTick_CLKSourceConfig)
    SysTick_Handler                          0x08004541   Thumb Code    24  explore_systick.o(i.SysTick_Handler)
    SystemInit                               0x0800455d   Thumb Code    88  system_stm32f4xx.o(i.SystemInit)
    Systick_Init                             0x080045c5   Thumb Code    94  explore_systick.o(i.Systick_Init)
    USART1_IRQHandler                        0x08004635   Thumb Code   122  explore_usart.o(i.USART1_IRQHandler)
    USART_Cmd                                0x080046bd   Thumb Code    24  stm32f4xx_usart.o(i.USART_Cmd)
    USART_GetITStatus                        0x080046d5   Thumb Code    84  stm32f4xx_usart.o(i.USART_GetITStatus)
    USART_ITConfig                           0x08004729   Thumb Code    74  stm32f4xx_usart.o(i.USART_ITConfig)
    USART_Init                               0x08004775   Thumb Code   204  stm32f4xx_usart.o(i.USART_Init)
    USART_ReceiveData                        0x08004849   Thumb Code    10  stm32f4xx_usart.o(i.USART_ReceiveData)
    UsageFault_Handler                       0x08004853   Thumb Code     4  stm32f4xx_it.o(i.UsageFault_Handler)
    Usart_Init                               0x08004859   Thumb Code   164  explore_usart.o(i.Usart_Init)
    __ARM_fpclassify                         0x08004905   Thumb Code    48  fpclassify.o(i.__ARM_fpclassify)
    _is_digit                                0x08004935   Thumb Code    14  __printf_wp.o(i._is_digit)
    _sys_exit                                0x08004943   Thumb Code     6  explore_usart.o(i._sys_exit)
    delay_ms                                 0x08004949   Thumb Code    66  explore_systick.o(i.delay_ms)
    delay_osschedlock                        0x08004999   Thumb Code    10  explore_systick.o(i.delay_osschedlock)
    delay_osschedunlock                      0x080049a3   Thumb Code    10  explore_systick.o(i.delay_osschedunlock)
    delay_ostimedly                          0x080049ad   Thumb Code    16  explore_systick.o(i.delay_ostimedly)
    delay_us                                 0x080049bd   Thumb Code    84  explore_systick.o(i.delay_us)
    float_task                               0x08004a15   Thumb Code    86  stm32f4xx_main.o(i.float_task)
    fputc                                    0x08004a95   Thumb Code    22  explore_usart.o(i.fputc)
    led0_task                                0x08004ab1   Thumb Code    60  stm32f4xx_main.o(i.led0_task)
    led1_task                                0x08004af5   Thumb Code    40  stm32f4xx_main.o(i.led1_task)
    main                                     0x08004b25   Thumb Code   122  stm32f4xx_main.o(i.main)
    start_task                               0x08004bb9   Thumb Code   198  stm32f4xx_main.o(i.start_task)
    _get_lc_numeric                          0x08004cd1   Thumb Code    44  lc_numeric_c.o(locale$$code)
    __fpl_dretinf                            0x08004cfd   Thumb Code    12  dretinf.o(x$fpl$dretinf)
    __aeabi_f2d                              0x08004d09   Thumb Code     0  f2d.o(x$fpl$f2d)
    _f2d                                     0x08004d09   Thumb Code    86  f2d.o(x$fpl$f2d)
    __fpl_fnaninf                            0x08004d5f   Thumb Code   140  fnaninf.o(x$fpl$fnaninf)
    _fp_init                                 0x08004deb   Thumb Code    10  fpinit.o(x$fpl$fpinit)
    __fplib_config_fpu_vfp                   0x08004df3   Thumb Code     0  fpinit.o(x$fpl$fpinit)
    __fplib_config_pureend_doubles           0x08004df3   Thumb Code     0  fpinit.o(x$fpl$fpinit)
    _printf_fp_dec                           0x08004df5   Thumb Code     4  printf1.o(x$fpl$printf1)
    OSCfg_IdleTaskStkBasePtr                 0x08004df8   Data           4  os_cfg_app.o(.constdata)
    __I$use$fp                               0x08004df8   Number         0  usenofp.o(x$fpl$usenofp)
    OSCfg_IdleTaskStkLimit                   0x08004dfc   Data           4  os_cfg_app.o(.constdata)
    OSCfg_IdleTaskStkSize                    0x08004e00   Data           4  os_cfg_app.o(.constdata)
    OSCfg_IdleTaskStkSizeRAM                 0x08004e04   Data           4  os_cfg_app.o(.constdata)
    OSCfg_IntQBasePtr                        0x08004e08   Data           4  os_cfg_app.o(.constdata)
    OSCfg_IntQSize                           0x08004e0c   Data           2  os_cfg_app.o(.constdata)
    OSCfg_IntQSizeRAM                        0x08004e10   Data           4  os_cfg_app.o(.constdata)
    OSCfg_IntQTaskStkBasePtr                 0x08004e14   Data           4  os_cfg_app.o(.constdata)
    OSCfg_IntQTaskStkLimit                   0x08004e18   Data           4  os_cfg_app.o(.constdata)
    OSCfg_IntQTaskStkSize                    0x08004e1c   Data           4  os_cfg_app.o(.constdata)
    OSCfg_IntQTaskStkSizeRAM                 0x08004e20   Data           4  os_cfg_app.o(.constdata)
    OSCfg_ISRStkBasePtr                      0x08004e24   Data           4  os_cfg_app.o(.constdata)
    OSCfg_ISRStkSize                         0x08004e28   Data           4  os_cfg_app.o(.constdata)
    OSCfg_ISRStkSizeRAM                      0x08004e2c   Data           4  os_cfg_app.o(.constdata)
    OSCfg_MsgPoolSize                        0x08004e30   Data           2  os_cfg_app.o(.constdata)
    OSCfg_MsgPoolSizeRAM                     0x08004e34   Data           4  os_cfg_app.o(.constdata)
    OSCfg_MsgPoolBasePtr                     0x08004e38   Data           4  os_cfg_app.o(.constdata)
    OSCfg_StatTaskPrio                       0x08004e3c   Data           1  os_cfg_app.o(.constdata)
    OSCfg_StatTaskRate_Hz                    0x08004e40   Data           4  os_cfg_app.o(.constdata)
    OSCfg_StatTaskStkBasePtr                 0x08004e44   Data           4  os_cfg_app.o(.constdata)
    OSCfg_StatTaskStkLimit                   0x08004e48   Data           4  os_cfg_app.o(.constdata)
    OSCfg_StatTaskStkSize                    0x08004e4c   Data           4  os_cfg_app.o(.constdata)
    OSCfg_StatTaskStkSizeRAM                 0x08004e50   Data           4  os_cfg_app.o(.constdata)
    OSCfg_StkSizeMin                         0x08004e54   Data           4  os_cfg_app.o(.constdata)
    OSCfg_TickRate_Hz                        0x08004e58   Data           4  os_cfg_app.o(.constdata)
    OSCfg_TickTaskPrio                       0x08004e5c   Data           1  os_cfg_app.o(.constdata)
    OSCfg_TickTaskStkBasePtr                 0x08004e60   Data           4  os_cfg_app.o(.constdata)
    OSCfg_TickTaskStkLimit                   0x08004e64   Data           4  os_cfg_app.o(.constdata)
    OSCfg_TickTaskStkSize                    0x08004e68   Data           4  os_cfg_app.o(.constdata)
    OSCfg_TickTaskStkSizeRAM                 0x08004e6c   Data           4  os_cfg_app.o(.constdata)
    OSCfg_TickWheelSize                      0x08004e70   Data           2  os_cfg_app.o(.constdata)
    OSCfg_TickWheelSizeRAM                   0x08004e74   Data           4  os_cfg_app.o(.constdata)
    OSCfg_TmrTaskPrio                        0x08004e78   Data           1  os_cfg_app.o(.constdata)
    OSCfg_TmrTaskRate_Hz                     0x08004e7c   Data           4  os_cfg_app.o(.constdata)
    OSCfg_TmrTaskStkBasePtr                  0x08004e80   Data           4  os_cfg_app.o(.constdata)
    OSCfg_TmrTaskStkLimit                    0x08004e84   Data           4  os_cfg_app.o(.constdata)
    OSCfg_TmrTaskStkSize                     0x08004e88   Data           4  os_cfg_app.o(.constdata)
    OSCfg_TmrTaskStkSizeRAM                  0x08004e8c   Data           4  os_cfg_app.o(.constdata)
    OSCfg_TmrWheelSize                       0x08004e90   Data           2  os_cfg_app.o(.constdata)
    OSCfg_TmrWheelSizeRAM                    0x08004e94   Data           4  os_cfg_app.o(.constdata)
    OSCfg_DataSizeRAM                        0x08004e98   Data           4  os_cfg_app.o(.constdata)
    OSDbg_DbgEn                              0x08004e9c   Data           1  os_dbg.o(.constdata)
    OSDbg_ArgChkEn                           0x08004e9d   Data           1  os_dbg.o(.constdata)
    OSDbg_AppHooksEn                         0x08004e9e   Data           1  os_dbg.o(.constdata)
    OSDbg_EndiannessTest                     0x08004ea0   Data           4  os_dbg.o(.constdata)
    OSDbg_CalledFromISRChkEn                 0x08004ea4   Data           1  os_dbg.o(.constdata)
    OSDbg_FlagEn                             0x08004ea5   Data           1  os_dbg.o(.constdata)
    OSDbg_FlagGrp                            0x08004ea8   Data          40  os_dbg.o(.constdata)
    OSDbg_FlagDelEn                          0x08004ed0   Data           1  os_dbg.o(.constdata)
    OSDbg_FlagModeClrEn                      0x08004ed1   Data           1  os_dbg.o(.constdata)
    OSDbg_FlagPendAbortEn                    0x08004ed2   Data           1  os_dbg.o(.constdata)
    OSDbg_FlagGrpSize                        0x08004ed4   Data           2  os_dbg.o(.constdata)
    OSDbg_FlagWidth                          0x08004ed6   Data           2  os_dbg.o(.constdata)
    OSDbg_IntQ                               0x08004ed8   Data           2  os_dbg.o(.constdata)
    OSDbg_ISRPostDeferredEn                  0x08004eda   Data           1  os_dbg.o(.constdata)
    OSDbg_Mem                                0x08004edc   Data          32  os_dbg.o(.constdata)
    OSDbg_MemEn                              0x08004efc   Data           1  os_dbg.o(.constdata)
    OSDbg_MemSize                            0x08004efe   Data           2  os_dbg.o(.constdata)
    OSDbg_MsgEn                              0x08004f00   Data           1  os_dbg.o(.constdata)
    OSDbg_MsgSize                            0x08004f02   Data           2  os_dbg.o(.constdata)
    OSDbg_MsgPoolSize                        0x08004f04   Data           2  os_dbg.o(.constdata)
    OSDbg_MsgQSize                           0x08004f06   Data           2  os_dbg.o(.constdata)
    OSDbg_Mutex                              0x08004f08   Data          44  os_dbg.o(.constdata)
    OSDbg_MutexEn                            0x08004f34   Data           1  os_dbg.o(.constdata)
    OSDbg_MutexDelEn                         0x08004f35   Data           1  os_dbg.o(.constdata)
    OSDbg_MutexPendAbortEn                   0x08004f36   Data           1  os_dbg.o(.constdata)
    OSDbg_MutexSize                          0x08004f38   Data           2  os_dbg.o(.constdata)
    OSDbg_ObjTypeChkEn                       0x08004f3a   Data           1  os_dbg.o(.constdata)
    OSDbg_PendMultiEn                        0x08004f3b   Data           1  os_dbg.o(.constdata)
    OSDbg_PendDataSize                       0x08004f3c   Data           2  os_dbg.o(.constdata)
    OSDbg_PendListSize                       0x08004f3e   Data           2  os_dbg.o(.constdata)
    OSDbg_PendObjSize                        0x08004f40   Data           2  os_dbg.o(.constdata)
    OSDbg_PrioMax                            0x08004f42   Data           2  os_dbg.o(.constdata)
    OSDbg_PrioTblSize                        0x08004f44   Data           2  os_dbg.o(.constdata)
    OSDbg_PtrSize                            0x08004f46   Data           2  os_dbg.o(.constdata)
    OSDbg_Q                                  0x08004f48   Data          48  os_dbg.o(.constdata)
    OSDbg_QEn                                0x08004f78   Data           1  os_dbg.o(.constdata)
    OSDbg_QDelEn                             0x08004f79   Data           1  os_dbg.o(.constdata)
    OSDbg_QFlushEn                           0x08004f7a   Data           1  os_dbg.o(.constdata)
    OSDbg_QPendAbortEn                       0x08004f7b   Data           1  os_dbg.o(.constdata)
    OSDbg_QSize                              0x08004f7c   Data           2  os_dbg.o(.constdata)
    OSDbg_SchedRoundRobinEn                  0x08004f7e   Data           1  os_dbg.o(.constdata)
    OSDbg_Sem                                0x08004f80   Data          40  os_dbg.o(.constdata)
    OSDbg_SemEn                              0x08004fa8   Data           1  os_dbg.o(.constdata)
    OSDbg_SemDelEn                           0x08004fa9   Data           1  os_dbg.o(.constdata)
    OSDbg_SemPendAbortEn                     0x08004faa   Data           1  os_dbg.o(.constdata)
    OSDbg_SemSetEn                           0x08004fab   Data           1  os_dbg.o(.constdata)
    OSDbg_SemSize                            0x08004fac   Data           2  os_dbg.o(.constdata)
    OSDbg_RdyList                            0x08004fae   Data           2  os_dbg.o(.constdata)
    OSDbg_RdyListSize                        0x08004fb0   Data           4  os_dbg.o(.constdata)
    OSDbg_StkWidth                           0x08004fb4   Data           1  os_dbg.o(.constdata)
    OSDbg_StatTaskEn                         0x08004fb5   Data           1  os_dbg.o(.constdata)
    OSDbg_StatTaskStkChkEn                   0x08004fb6   Data           1  os_dbg.o(.constdata)
    OSDbg_TaskChangePrioEn                   0x08004fb7   Data           1  os_dbg.o(.constdata)
    OSDbg_TaskDelEn                          0x08004fb8   Data           1  os_dbg.o(.constdata)
    OSDbg_TaskQEn                            0x08004fb9   Data           1  os_dbg.o(.constdata)
    OSDbg_TaskQPendAbortEn                   0x08004fba   Data           1  os_dbg.o(.constdata)
    OSDbg_TaskProfileEn                      0x08004fbb   Data           1  os_dbg.o(.constdata)
    OSDbg_TaskRegTblSize                     0x08004fbc   Data           2  os_dbg.o(.constdata)
    OSDbg_TaskSemPendAbortEn                 0x08004fbe   Data           1  os_dbg.o(.constdata)
    OSDbg_TaskSuspendEn                      0x08004fbf   Data           1  os_dbg.o(.constdata)
    OSDbg_TCBSize                            0x08004fc0   Data           2  os_dbg.o(.constdata)
    OSDbg_TickSpokeSize                      0x08004fc2   Data           2  os_dbg.o(.constdata)
    OSDbg_TimeDlyHMSMEn                      0x08004fc4   Data           1  os_dbg.o(.constdata)
    OSDbg_TimeDlyResumeEn                    0x08004fc5   Data           1  os_dbg.o(.constdata)
    OSDbg_TLS_TblSize                        0x08004fc6   Data           2  os_dbg.o(.constdata)
    OSDbg_Tmr                                0x08004fc8   Data          52  os_dbg.o(.constdata)
    OSDbg_TmrEn                              0x08004ffc   Data           1  os_dbg.o(.constdata)
    OSDbg_TmrDelEn                           0x08004ffd   Data           1  os_dbg.o(.constdata)
    OSDbg_TmrSize                            0x08004ffe   Data           2  os_dbg.o(.constdata)
    OSDbg_TmrSpokeSize                       0x08005000   Data           2  os_dbg.o(.constdata)
    OSDbg_VersionNbr                         0x08005002   Data           2  os_dbg.o(.constdata)
    OSDbg_DataSize                           0x08005004   Data           4  os_dbg.o(.constdata)
    Region$$Table$$Base                      0x0800509c   Number         0  anon$$obj.o(Region$$Table)
    Region$$Table$$Limit                     0x080050bc   Number         0  anon$$obj.o(Region$$Table)
    USART_RX_STA                             0x20000014   Data           2  explore_usart.o(.data)
    __stdout                                 0x20000018   Data           4  explore_usart.o(.data)
    CPU_TS_TmrFreq_Hz                        0x2000001c   Data           4  cpu_core.o(.data)
    OSPrioTbl                                0x20000020   Data           8  os_prio.o(.data)
    OS_AppTaskCreateHookPtr                  0x20000028   Data           4  os_var.o(.data)
    OS_AppTaskDelHookPtr                     0x2000002c   Data           4  os_var.o(.data)
    OS_AppTaskReturnHookPtr                  0x20000030   Data           4  os_var.o(.data)
    OS_AppIdleTaskHookPtr                    0x20000034   Data           4  os_var.o(.data)
    OS_AppStatTaskHookPtr                    0x20000038   Data           4  os_var.o(.data)
    OS_AppTaskSwHookPtr                      0x2000003c   Data           4  os_var.o(.data)
    OS_AppTimeTickHookPtr                    0x20000040   Data           4  os_var.o(.data)
    OSIdleTaskCtr                            0x20000044   Data           4  os_var.o(.data)
    OSIntNestingCtr                          0x20000048   Data           1  os_var.o(.data)
    OSRunning                                0x20000049   Data           1  os_var.o(.data)
    OSFlagDbgListPtr                         0x2000004c   Data           4  os_var.o(.data)
    OSFlagQty                                0x20000050   Data           2  os_var.o(.data)
    OSMemDbgListPtr                          0x20000054   Data           4  os_var.o(.data)
    OSMemQty                                 0x20000058   Data           2  os_var.o(.data)
    OSMutexDbgListPtr                        0x2000005c   Data           4  os_var.o(.data)
    OSMutexQty                               0x20000060   Data           2  os_var.o(.data)
    OSPrioCur                                0x20000062   Data           1  os_var.o(.data)
    OSPrioHighRdy                            0x20000063   Data           1  os_var.o(.data)
    OSPrioSaved                              0x20000064   Data           1  os_var.o(.data)
    OSQDbgListPtr                            0x20000068   Data           4  os_var.o(.data)
    OSQQty                                   0x2000006c   Data           2  os_var.o(.data)
    OSSchedLockTimeBegin                     0x20000070   Data           4  os_var.o(.data)
    OSSchedLockTimeMax                       0x20000074   Data           4  os_var.o(.data)
    OSSchedLockTimeMaxCur                    0x20000078   Data           4  os_var.o(.data)
    OSSchedLockNestingCtr                    0x2000007c   Data           1  os_var.o(.data)
    OSSemDbgListPtr                          0x20000080   Data           4  os_var.o(.data)
    OSSemQty                                 0x20000084   Data           2  os_var.o(.data)
    OSStatResetFlag                          0x20000086   Data           1  os_var.o(.data)
    OSStatTaskCPUUsage                       0x20000088   Data           2  os_var.o(.data)
    OSStatTaskCPUUsageMax                    0x2000008a   Data           2  os_var.o(.data)
    OSStatTaskCtr                            0x2000008c   Data           4  os_var.o(.data)
    OSStatTaskCtrMax                         0x20000090   Data           4  os_var.o(.data)
    OSStatTaskCtrRun                         0x20000094   Data           4  os_var.o(.data)
    OSStatTaskRdy                            0x20000098   Data           1  os_var.o(.data)
    OSStatTaskTimeMax                        0x2000009c   Data           4  os_var.o(.data)
    OSTaskCtxSwCtr                           0x200000a0   Data           4  os_var.o(.data)
    OSTaskDbgListPtr                         0x200000a4   Data           4  os_var.o(.data)
    OSTaskQty                                0x200000a8   Data           2  os_var.o(.data)
    OSTaskRegNextAvailID                     0x200000aa   Data           1  os_var.o(.data)
    OSTickCtr                                0x200000ac   Data           4  os_var.o(.data)
    OSTickTaskTimeMax                        0x200000b0   Data           4  os_var.o(.data)
    OSTmrDbgListPtr                          0x200000b4   Data           4  os_var.o(.data)
    OSTmrQty                                 0x200000b8   Data           2  os_var.o(.data)
    OSTmrTaskTimeMax                         0x200000bc   Data           4  os_var.o(.data)
    OSTmrTickCtr                             0x200000c0   Data           4  os_var.o(.data)
    OSTmrUpdateCnt                           0x200000c4   Data           4  os_var.o(.data)
    OSTmrUpdateCtr                           0x200000c8   Data           4  os_var.o(.data)
    OSTCBCurPtr                              0x200000cc   Data           4  os_var.o(.data)
    OSTCBHighRdyPtr                          0x200000d0   Data           4  os_var.o(.data)
    OS_CPU_ExceptStkBase                     0x200000d4   Data           4  os_cpu_c.o(.data)
    USART_RX_BUF                             0x200000dc   Data         200  explore_usart.o(.bss)
    CPU_Name                                 0x200001a4   Data          16  cpu_core.o(.bss)
    OSCfg_IdleTaskStk                        0x200001b4   Data         512  os_cfg_app.o(.bss)
    OSCfg_ISRStk                             0x200003b4   Data         512  os_cfg_app.o(.bss)
    OSCfg_MsgPool                            0x200005b4   Data        1600  os_cfg_app.o(.bss)
    OSCfg_StatTaskStk                        0x20000bf4   Data         512  os_cfg_app.o(.bss)
    OSCfg_TickTaskStk                        0x20000df4   Data         512  os_cfg_app.o(.bss)
    OSCfg_TickWheel                          0x20000ff4   Data         136  os_cfg_app.o(.bss)
    OSCfg_TmrTaskStk                         0x2000107c   Data         512  os_cfg_app.o(.bss)
    OSCfg_TmrWheel                           0x2000127c   Data         136  os_cfg_app.o(.bss)
    OSIdleTaskTCB                            0x20001304   Data         196  os_var.o(.bss)
    OSMsgPool                                0x200013c8   Data          12  os_var.o(.bss)
    OSRdyList                                0x200013d4   Data         768  os_var.o(.bss)
    OSStatTaskTCB                            0x200016d4   Data         196  os_var.o(.bss)
    OSTickTaskTCB                            0x20001798   Data         196  os_var.o(.bss)
    OSTmrTaskTCB                             0x2000185c   Data         196  os_var.o(.bss)
    StartTaskTCB                             0x20001920   Data         196  stm32f4xx_main.o(.bss)
    START_TASK_STK                           0x200019e4   Data        2048  stm32f4xx_main.o(.bss)
    Led0TaskTCB                              0x200021e4   Data         196  stm32f4xx_main.o(.bss)
    LED0_TASK_STK                            0x200022a8   Data         512  stm32f4xx_main.o(.bss)
    Led1TaskTCB                              0x200024a8   Data         196  stm32f4xx_main.o(.bss)
    LED1_TASK_STK                            0x2000256c   Data         512  stm32f4xx_main.o(.bss)
    FloatTaskTCB                             0x2000276c   Data         196  stm32f4xx_main.o(.bss)
    FLOAT_TASK_STK                           0x20002830   Data         512  stm32f4xx_main.o(.bss)
    __libspace_start                         0x20002a30   Data          96  libspace.o(.bss)
    __temporary_stack_top$libspace           0x20002a90   Data           0  libspace.o(.bss)



==============================================================================

Memory Map of the image

  Image Entry point : 0x08000189

  Load Region LR_IROM1 (Base: 0x08000000, Size: 0x000051b4, Max: 0x00100000, ABSOLUTE)

    Execution Region ER_IROM1 (Base: 0x08000000, Size: 0x000050d8, Max: 0x00100000, ABSOLUTE)

    Base Addr    Size         Type   Attr      Idx    E Section Name        Object

    0x08000000   0x00000188   Data   RO           77    RESET               startup_stm32f40_41xxx.o
    0x08000188   0x00000008   Code   RO         2959  * !!!main             c_w.l(__main.o)
    0x08000190   0x00000034   Code   RO         3189    !!!scatter          c_w.l(__scatter.o)
    0x080001c4   0x0000001a   Code   RO         3191    !!handler_copy      c_w.l(__scatter_copy.o)
    0x080001de   0x00000002   PAD
    0x080001e0   0x0000001c   Code   RO         3193    !!handler_zi        c_w.l(__scatter_zi.o)
    0x080001fc   0x00000000   Code   RO         2956    .ARM.Collect$$_printf_percent$$00000000  c_w.l(_printf_percent.o)
    0x080001fc   0x00000006   Code   RO         2955    .ARM.Collect$$_printf_percent$$00000003  c_w.l(_printf_f.o)
    0x08000202   0x00000004   Code   RO         2976    .ARM.Collect$$_printf_percent$$00000017  c_w.l(_printf_percent_end.o)
    0x08000206   0x00000002   Code   RO         3066    .ARM.Collect$$libinit$$00000000  c_w.l(libinit.o)
    0x08000208   0x00000004   Code   RO         3067    .ARM.Collect$$libinit$$00000001  c_w.l(libinit2.o)
    0x0800020c   0x00000000   Code   RO         3070    .ARM.Collect$$libinit$$00000004  c_w.l(libinit2.o)
    0x0800020c   0x00000000   Code   RO         3073    .ARM.Collect$$libinit$$0000000A  c_w.l(libinit2.o)
    0x0800020c   0x00000000   Code   RO         3075    .ARM.Collect$$libinit$$0000000C  c_w.l(libinit2.o)
    0x0800020c   0x00000000   Code   RO         3077    .ARM.Collect$$libinit$$0000000E  c_w.l(libinit2.o)
    0x0800020c   0x00000006   Code   RO         3078    .ARM.Collect$$libinit$$0000000F  c_w.l(libinit2.o)
    0x08000212   0x00000000   Code   RO         3080    .ARM.Collect$$libinit$$00000011  c_w.l(libinit2.o)
    0x08000212   0x00000000   Code   RO         3082    .ARM.Collect$$libinit$$00000013  c_w.l(libinit2.o)
    0x08000212   0x00000000   Code   RO         3084    .ARM.Collect$$libinit$$00000015  c_w.l(libinit2.o)
    0x08000212   0x0000000a   Code   RO         3085    .ARM.Collect$$libinit$$00000016  c_w.l(libinit2.o)
    0x0800021c   0x00000000   Code   RO         3086    .ARM.Collect$$libinit$$00000017  c_w.l(libinit2.o)
    0x0800021c   0x00000000   Code   RO         3088    .ARM.Collect$$libinit$$00000019  c_w.l(libinit2.o)
    0x0800021c   0x00000000   Code   RO         3090    .ARM.Collect$$libinit$$0000001B  c_w.l(libinit2.o)
    0x0800021c   0x00000000   Code   RO         3092    .ARM.Collect$$libinit$$0000001D  c_w.l(libinit2.o)
    0x0800021c   0x00000000   Code   RO         3094    .ARM.Collect$$libinit$$0000001F  c_w.l(libinit2.o)
    0x0800021c   0x00000000   Code   RO         3096    .ARM.Collect$$libinit$$00000021  c_w.l(libinit2.o)
    0x0800021c   0x00000000   Code   RO         3098    .ARM.Collect$$libinit$$00000023  c_w.l(libinit2.o)
    0x0800021c   0x00000000   Code   RO         3100    .ARM.Collect$$libinit$$00000025  c_w.l(libinit2.o)
    0x0800021c   0x00000000   Code   RO         3104    .ARM.Collect$$libinit$$0000002C  c_w.l(libinit2.o)
    0x0800021c   0x00000000   Code   RO         3106    .ARM.Collect$$libinit$$0000002E  c_w.l(libinit2.o)
    0x0800021c   0x00000000   Code   RO         3108    .ARM.Collect$$libinit$$00000030  c_w.l(libinit2.o)
    0x0800021c   0x00000000   Code   RO         3110    .ARM.Collect$$libinit$$00000032  c_w.l(libinit2.o)
    0x0800021c   0x00000002   Code   RO         3111    .ARM.Collect$$libinit$$00000033  c_w.l(libinit2.o)
    0x0800021e   0x00000002   Code   RO         3153    .ARM.Collect$$libshutdown$$00000000  c_w.l(libshutdown.o)
    0x08000220   0x00000000   Code   RO         3172    .ARM.Collect$$libshutdown$$00000002  c_w.l(libshutdown2.o)
    0x08000220   0x00000000   Code   RO         3174    .ARM.Collect$$libshutdown$$00000004  c_w.l(libshutdown2.o)
    0x08000220   0x00000000   Code   RO         3177    .ARM.Collect$$libshutdown$$00000007  c_w.l(libshutdown2.o)
    0x08000220   0x00000000   Code   RO         3180    .ARM.Collect$$libshutdown$$0000000A  c_w.l(libshutdown2.o)
    0x08000220   0x00000000   Code   RO         3182    .ARM.Collect$$libshutdown$$0000000C  c_w.l(libshutdown2.o)
    0x08000220   0x00000000   Code   RO         3185    .ARM.Collect$$libshutdown$$0000000F  c_w.l(libshutdown2.o)
    0x08000220   0x00000002   Code   RO         3186    .ARM.Collect$$libshutdown$$00000010  c_w.l(libshutdown2.o)
    0x08000222   0x00000000   Code   RO         2967    .ARM.Collect$$rtentry$$00000000  c_w.l(__rtentry.o)
    0x08000222   0x00000000   Code   RO         2983    .ARM.Collect$$rtentry$$00000002  c_w.l(__rtentry2.o)
    0x08000222   0x00000006   Code   RO         2995    .ARM.Collect$$rtentry$$00000004  c_w.l(__rtentry4.o)
    0x08000228   0x00000000   Code   RO         2985    .ARM.Collect$$rtentry$$00000009  c_w.l(__rtentry2.o)
    0x08000228   0x00000004   Code   RO         2986    .ARM.Collect$$rtentry$$0000000A  c_w.l(__rtentry2.o)
    0x0800022c   0x00000000   Code   RO         2988    .ARM.Collect$$rtentry$$0000000C  c_w.l(__rtentry2.o)
    0x0800022c   0x00000008   Code   RO         2989    .ARM.Collect$$rtentry$$0000000D  c_w.l(__rtentry2.o)
    0x08000234   0x00000002   Code   RO         3112    .ARM.Collect$$rtexit$$00000000  c_w.l(rtexit.o)
    0x08000236   0x00000000   Code   RO         3125    .ARM.Collect$$rtexit$$00000002  c_w.l(rtexit2.o)
    0x08000236   0x00000004   Code   RO         3126    .ARM.Collect$$rtexit$$00000003  c_w.l(rtexit2.o)
    0x0800023a   0x00000006   Code   RO         3127    .ARM.Collect$$rtexit$$00000004  c_w.l(rtexit2.o)
    0x08000240   0x00000040   Code   RO           78    .text               startup_stm32f40_41xxx.o
    0x08000280   0x00000034   Code   RO         1194    .text               cpu_a.o
    0x080002b4   0x00000002   Code   RO         2925    .text               c_w.l(use_no_semi_2.o)
    0x080002b6   0x00000002   PAD
    0x080002b8   0x00000018   Code   RO         2931    .text               c_w.l(noretval__2printf.o)
    0x080002d0   0x0000010e   Code   RO         2943    .text               c_w.l(__printf_wp.o)
    0x080003de   0x00000006   Code   RO         2957    .text               c_w.l(heapauxi.o)
    0x080003e4   0x00000002   Code   RO         2965    .text               c_w.l(use_no_semi.o)
    0x080003e6   0x0000041a   Code   RO         2972    .text               c_w.l(_printf_fp_dec.o)
    0x08000800   0x00000024   Code   RO         2974    .text               c_w.l(_printf_char_file.o)
    0x08000824   0x00000008   Code   RO         3002    .text               c_w.l(rt_locale_intlibspace.o)
    0x0800082c   0x0000008a   Code   RO         3004    .text               c_w.l(lludiv10.o)
    0x080008b6   0x00000002   PAD
    0x080008b8   0x00000030   Code   RO         3006    .text               c_w.l(_printf_char_common.o)
    0x080008e8   0x00000080   Code   RO         3008    .text               c_w.l(_printf_fp_infnan.o)
    0x08000968   0x000000dc   Code   RO         3010    .text               c_w.l(bigflt0.o)
    0x08000a44   0x00000008   Code   RO         3035    .text               c_w.l(ferror.o)
    0x08000a4c   0x00000008   Code   RO         3046    .text               c_w.l(libspace.o)
    0x08000a54   0x0000004a   Code   RO         3049    .text               c_w.l(sys_stackheap_outer.o)
    0x08000a9e   0x00000012   Code   RO         3053    .text               c_w.l(exit.o)
    0x08000ab0   0x00000080   Code   RO         3059    .text               c_w.l(strcmpv7m.o)
    0x08000b30   0x0000003e   Code   RO         3013    CL$$btod_d2e        c_w.l(btod.o)
    0x08000b6e   0x00000046   Code   RO         3015    CL$$btod_d2e_denorm_low  c_w.l(btod.o)
    0x08000bb4   0x00000060   Code   RO         3014    CL$$btod_d2e_norm_op1  c_w.l(btod.o)
    0x08000c14   0x00000338   Code   RO         3023    CL$$btod_div_common  c_w.l(btod.o)
    0x08000f4c   0x000000c6   Code   RO         3020    CL$$btod_e2e        c_w.l(btod.o)
    0x08001012   0x00000028   Code   RO         3017    CL$$btod_ediv       c_w.l(btod.o)
    0x0800103a   0x00000028   Code   RO         3016    CL$$btod_emul       c_w.l(btod.o)
    0x08001062   0x00000244   Code   RO         3022    CL$$btod_mult_common  c_w.l(btod.o)
    0x080012a6   0x00000002   PAD
    0x080012a8   0x000000ac   Code   RO         2662    CODE                os_cpu_a.o
    0x08001354   0x0000000e   Code   RO          981    i.BSP_CPU_ClkFreq   bsp.o
    0x08001362   0x00000004   Code   RO         2872    i.BusFault_Handler  stm32f4xx_it.o
    0x08001366   0x0000000c   Code   RO         1028    i.CPU_Init          cpu_core.o
    0x08001372   0x00000002   PAD
    0x08001374   0x00000030   Code   RO         1029    i.CPU_NameClr       cpu_core.o
    0x080013a4   0x00000008   Code   RO         1031    i.CPU_NameInit      cpu_core.o
    0x080013ac   0x00000014   Code   RO         1035    i.CPU_TS_Init       cpu_core.o
    0x080013c0   0x0000000c   Code   RO         1037    i.CPU_TS_TmrFreqSet  cpu_core.o
    0x080013cc   0x00000034   Code   RO          983    i.CPU_TS_TmrInit    bsp.o
    0x08001400   0x0000000c   Code   RO          984    i.CPU_TS_TmrRd      bsp.o
    0x0800140c   0x00000002   Code   RO         2873    i.DebugMon_Handler  stm32f4xx_it.o
    0x0800140e   0x00000090   Code   RO          133    i.GPIO_Init         stm32f4xx_gpio.o
    0x0800149e   0x00000046   Code   RO          134    i.GPIO_PinAFConfig  stm32f4xx_gpio.o
    0x080014e4   0x00000004   Code   RO          141    i.GPIO_SetBits      stm32f4xx_gpio.o
    0x080014e8   0x00000004   Code   RO         2874    i.HardFault_Handler  stm32f4xx_it.o
    0x080014ec   0x00000040   Code   RO          958    i.LED_Init          driver_led.o
    0x0800152c   0x00000004   Code   RO         2875    i.MemManage_Handler  stm32f4xx_it.o
    0x08001530   0x00000012   Code   RO         1338    i.Mem_Clr           lib_mem.o
    0x08001542   0x00000054   Code   RO         1354    i.Mem_Set           lib_mem.o
    0x08001596   0x00000002   Code   RO         2876    i.NMI_Handler       stm32f4xx_it.o
    0x08001598   0x00000078   Code   RO           84    i.NVIC_Init         misc.o
    0x08001610   0x00000014   Code   RO           85    i.NVIC_PriorityGroupConfig  misc.o
    0x08001624   0x00000002   Code   RO         1607    i.OSCfg_Init        os_cfg_app.o
    0x08001626   0x00000002   PAD
    0x08001628   0x00000014   Code   RO         2667    i.OSIdleTaskHook    os_cpu_c.o
    0x0800163c   0x00000164   Code   RO         1630    i.OSInit            os_core.o
    0x080017a0   0x00000028   Code   RO         2668    i.OSInitHook        os_cpu_c.o
    0x080017c8   0x0000002c   Code   RO         1631    i.OSIntEnter        os_core.o
    0x080017f4   0x000000dc   Code   RO         1632    i.OSIntExit         os_core.o
    0x080018d0   0x000000a0   Code   RO         1633    i.OSSched           os_core.o
    0x08001970   0x00000074   Code   RO         1634    i.OSSchedLock       os_core.o
    0x080019e4   0x00000094   Code   RO         1635    i.OSSchedUnlock     os_core.o
    0x08001a78   0x00000068   Code   RO         1636    i.OSStart           os_core.o
    0x08001ae0   0x00000128   Code   RO         2276    i.OSStatReset       os_stat.o
    0x08001c08   0x000000f0   Code   RO         2277    i.OSStatTaskCPUUsageInit  os_stat.o
    0x08001cf8   0x00000014   Code   RO         2669    i.OSStatTaskHook    os_cpu_c.o
    0x08001d0c   0x000001a0   Code   RO         2307    i.OSTaskCreate      os_task.o
    0x08001eac   0x00000018   Code   RO         2670    i.OSTaskCreateHook  os_cpu_c.o
    0x08001ec4   0x00000128   Code   RO         2308    i.OSTaskDel         os_task.o
    0x08001fec   0x00000018   Code   RO         2671    i.OSTaskDelHook     os_cpu_c.o
    0x08002004   0x00000068   Code   RO         2316    i.OSTaskResume      os_task.o
    0x0800206c   0x00000018   Code   RO         2672    i.OSTaskReturnHook  os_cpu_c.o
    0x08002084   0x000001dc   Code   RO         2317    i.OSTaskSemPend     os_task.o
    0x08002260   0x0000003e   Code   RO         2319    i.OSTaskSemPost     os_task.o
    0x0800229e   0x00000002   PAD
    0x080022a0   0x000000d4   Code   RO         2321    i.OSTaskStkChk      os_task.o
    0x08002374   0x0000025c   Code   RO         2673    i.OSTaskStkInit     os_cpu_c.o
    0x080025d0   0x00000038   Code   RO         2322    i.OSTaskSuspend     os_task.o
    0x08002608   0x00000088   Code   RO         2674    i.OSTaskSwHook      os_cpu_c.o
    0x08002690   0x000000c4   Code   RO         2516    i.OSTimeDly         os_time.o
    0x08002754   0x0000019c   Code   RO         2517    i.OSTimeDlyHMSM     os_time.o
    0x080028f0   0x00000044   Code   RO         2521    i.OSTimeTick        os_time.o
    0x08002934   0x00000014   Code   RO         2675    i.OSTimeTickHook    os_cpu_c.o
    0x08002948   0x000001ac   Code   RO         1852    i.OS_Dbg_Init       os_dbg.o
    0x08002af4   0x00000018   Code   RO         1877    i.OS_FlagInit       os_flag.o
    0x08002b0c   0x00000044   Code   RO         1638    i.OS_IdleTask       os_core.o
    0x08002b50   0x00000070   Code   RO         1639    i.OS_IdleTaskInit   os_core.o
    0x08002bc0   0x00000018   Code   RO         1961    i.OS_MemInit        os_mem.o
    0x08002bd8   0x0000007c   Code   RO         1993    i.OS_MsgPoolInit    os_msg.o
    0x08002c54   0x00000044   Code   RO         1994    i.OS_MsgQFreeAll    os_msg.o
    0x08002c98   0x0000000e   Code   RO         1996    i.OS_MsgQInit       os_msg.o
    0x08002ca6   0x00000002   PAD
    0x08002ca8   0x00000018   Code   RO         2037    i.OS_MutexInit      os_mutex.o
    0x08002cc0   0x00000068   Code   RO         1640    i.OS_Pend           os_core.o
    0x08002d28   0x00000026   Code   RO         1643    i.OS_PendDataInit   os_core.o
    0x08002d4e   0x00000002   PAD
    0x08002d50   0x0000005c   Code   RO         1644    i.OS_PendDbgNameAdd  os_core.o
    0x08002dac   0x00000024   Code   RO         1645    i.OS_PendDbgNameRemove  os_core.o
    0x08002dd0   0x00000066   Code   RO         1649    i.OS_PendListInsertPrio  os_core.o
    0x08002e36   0x00000030   Code   RO         1650    i.OS_PendListRemove  os_core.o
    0x08002e66   0x00000042   Code   RO         1651    i.OS_PendListRemove1  os_core.o
    0x08002ea8   0x000000c0   Code   RO         1654    i.OS_Post           os_core.o
    0x08002f68   0x0000002a   Code   RO         1655    i.OS_Post1          os_core.o
    0x08002f92   0x00000002   PAD
    0x08002f94   0x00000028   Code   RO         2095    i.OS_PrioGetHighest  os_prio.o
    0x08002fbc   0x00000018   Code   RO         2096    i.OS_PrioInit       os_prio.o
    0x08002fd4   0x00000024   Code   RO         2097    i.OS_PrioInsert     os_prio.o
    0x08002ff8   0x00000024   Code   RO         2098    i.OS_PrioRemove     os_prio.o
    0x0800301c   0x00000018   Code   RO         2141    i.OS_QInit          os_q.o
    0x08003034   0x00000024   Code   RO         1656    i.OS_RdyListInit    os_core.o
    0x08003058   0x0000002c   Code   RO         1657    i.OS_RdyListInsert  os_core.o
    0x08003084   0x00000040   Code   RO         1658    i.OS_RdyListInsertHead  os_core.o
    0x080030c4   0x0000003c   Code   RO         1659    i.OS_RdyListInsertTail  os_core.o
    0x08003100   0x0000005c   Code   RO         1661    i.OS_RdyListRemove  os_core.o
    0x0800315c   0x0000001c   Code   RO         1662    i.OS_SchedLockTimeMeasStart  os_core.o
    0x08003178   0x0000003c   Code   RO         1663    i.OS_SchedLockTimeMeasStop  os_core.o
    0x080031b4   0x00000018   Code   RO         2213    i.OS_SemInit        os_sem.o
    0x080031cc   0x000002ec   Code   RO         2278    i.OS_StatTask       os_stat.o
    0x080034b8   0x000000cc   Code   RO         2279    i.OS_StatTaskInit   os_stat.o
    0x08003584   0x00000038   Code   RO         1664    i.OS_TaskBlock      os_core.o
    0x080035bc   0x00000030   Code   RO         2323    i.OS_TaskDbgListAdd  os_task.o
    0x080035ec   0x00000044   Code   RO         2324    i.OS_TaskDbgListRemove  os_task.o
    0x08003630   0x00000020   Code   RO         2325    i.OS_TaskInit       os_task.o
    0x08003650   0x000000c8   Code   RO         2326    i.OS_TaskInitTCB    os_task.o
    0x08003718   0x0000001c   Code   RO         1665    i.OS_TaskRdy        os_core.o
    0x08003734   0x00000100   Code   RO         2328    i.OS_TaskResume     os_task.o
    0x08003834   0x00000018   Code   RO         2329    i.OS_TaskReturn     os_task.o
    0x0800384c   0x000001c4   Code   RO         2330    i.OS_TaskSemPost    os_task.o
    0x08003a10   0x00000118   Code   RO         2331    i.OS_TaskSuspend    os_task.o
    0x08003b28   0x00000028   Code   RO         2468    i.OS_TickListInit   os_tick.o
    0x08003b50   0x000001bc   Code   RO         2469    i.OS_TickListInsert  os_tick.o
    0x08003d0c   0x00000038   Code   RO         2470    i.OS_TickListRemove  os_tick.o
    0x08003d44   0x00000024   Code   RO         2471    i.OS_TickListResetPeak  os_tick.o
    0x08003d68   0x00000188   Code   RO         2472    i.OS_TickListUpdate  os_tick.o
    0x08003ef0   0x0000002c   Code   RO         2473    i.OS_TickTask       os_tick.o
    0x08003f1c   0x000000b8   Code   RO         2474    i.OS_TickTaskInit   os_tick.o
    0x08003fd4   0x00000128   Code   RO         2567    i.OS_TmrInit        os_tmr.o
    0x080040fc   0x000000d0   Code   RO         2568    i.OS_TmrLink        os_tmr.o
    0x080041cc   0x00000024   Code   RO         2569    i.OS_TmrResetPeak   os_tmr.o
    0x080041f0   0x000000c0   Code   RO         2570    i.OS_TmrTask        os_tmr.o
    0x080042b0   0x00000050   Code   RO         2571    i.OS_TmrUnlink      os_tmr.o
    0x08004300   0x00000020   Code   RO          230    i.RCC_AHB1PeriphClockCmd  stm32f4xx_rcc.o
    0x08004320   0x00000020   Code   RO          242    i.RCC_APB2PeriphClockCmd  stm32f4xx_rcc.o
    0x08004340   0x000000e8   Code   RO          251    i.RCC_GetClocksFreq  stm32f4xx_rcc.o
    0x08004428   0x00000002   Code   RO         2878    i.SVC_Handler       stm32f4xx_it.o
    0x0800442a   0x00000002   PAD
    0x0800442c   0x000000ec   Code   RO            3    i.SetSysClock       system_stm32f4xx.o
    0x08004518   0x00000028   Code   RO           88    i.SysTick_CLKSourceConfig  misc.o
    0x08004540   0x0000001c   Code   RO          773    i.SysTick_Handler   explore_systick.o
    0x0800455c   0x00000068   Code   RO            5    i.SystemInit        system_stm32f4xx.o
    0x080045c4   0x00000070   Code   RO          774    i.Systick_Init      explore_systick.o
    0x08004634   0x00000088   Code   RO          909    i.USART1_IRQHandler  explore_usart.o
    0x080046bc   0x00000018   Code   RO          568    i.USART_Cmd         stm32f4xx_usart.o
    0x080046d4   0x00000054   Code   RO          572    i.USART_GetITStatus  stm32f4xx_usart.o
    0x08004728   0x0000004a   Code   RO          574    i.USART_ITConfig    stm32f4xx_usart.o
    0x08004772   0x00000002   PAD
    0x08004774   0x000000d4   Code   RO          575    i.USART_Init        stm32f4xx_usart.o
    0x08004848   0x0000000a   Code   RO          582    i.USART_ReceiveData  stm32f4xx_usart.o
    0x08004852   0x00000004   Code   RO         2879    i.UsageFault_Handler  stm32f4xx_it.o
    0x08004856   0x00000002   PAD
    0x08004858   0x000000ac   Code   RO          910    i.Usart_Init        explore_usart.o
    0x08004904   0x00000030   Code   RO         3044    i.__ARM_fpclassify  m_wm.l(fpclassify.o)
    0x08004934   0x0000000e   Code   RO         2945    i._is_digit         c_w.l(__printf_wp.o)
    0x08004942   0x00000006   Code   RO          911    i._sys_exit         explore_usart.o
    0x08004948   0x00000050   Code   RO          775    i.delay_ms          explore_systick.o
    0x08004998   0x0000000a   Code   RO          776    i.delay_osschedlock  explore_systick.o
    0x080049a2   0x0000000a   Code   RO          777    i.delay_osschedunlock  explore_systick.o
    0x080049ac   0x00000010   Code   RO          778    i.delay_ostimedly   explore_systick.o
    0x080049bc   0x00000058   Code   RO          779    i.delay_us          explore_systick.o
    0x08004a14   0x00000080   Code   RO         2822    i.float_task        stm32f4xx_main.o
    0x08004a94   0x0000001c   Code   RO          912    i.fputc             explore_usart.o
    0x08004ab0   0x00000044   Code   RO         2823    i.led0_task         stm32f4xx_main.o
    0x08004af4   0x00000030   Code   RO         2824    i.led1_task         stm32f4xx_main.o
    0x08004b24   0x00000094   Code   RO         2825    i.main              stm32f4xx_main.o
    0x08004bb8   0x00000118   Code   RO         2826    i.start_task        stm32f4xx_main.o
    0x08004cd0   0x0000002c   Code   RO         3040    locale$$code        c_w.l(lc_numeric_c.o)
    0x08004cfc   0x0000000c   Code   RO         2977    x$fpl$dretinf       fz_wm.l(dretinf.o)
    0x08004d08   0x00000056   Code   RO         2961    x$fpl$f2d           fz_wm.l(f2d.o)
    0x08004d5e   0x0000008c   Code   RO         2979    x$fpl$fnaninf       fz_wm.l(fnaninf.o)
    0x08004dea   0x0000000a   Code   RO         3122    x$fpl$fpinit        fz_wm.l(fpinit.o)
    0x08004df4   0x00000004   Code   RO         2963    x$fpl$printf1       fz_wm.l(printf1.o)
    0x08004df8   0x00000000   Code   RO         2981    x$fpl$usenofp       fz_wm.l(usenofp.o)
    0x08004df8   0x000000a4   Data   RO         1609    .constdata          os_cfg_app.o
    0x08004e9c   0x0000016c   Data   RO         1853    .constdata          os_dbg.o
    0x08005008   0x00000094   Data   RO         3011    .constdata          c_w.l(bigflt0.o)
    0x0800509c   0x00000020   Data   RO         3187    Region$$Table       anon$$obj.o
    0x080050bc   0x0000001c   Data   RO         3039    locale$$data        c_w.l(lc_numeric_c.o)


    Execution Region RW_IRAM1 (Base: 0x20000000, Size: 0x00003090, Max: 0x00020000, ABSOLUTE)

    Base Addr    Size         Type   Attr      Idx    E Section Name        Object

    0x20000000   0x00000010   Data   RW          283    .data               stm32f4xx_rcc.o
    0x20000010   0x00000004   Data   RW          780    .data               explore_systick.o
    0x20000014   0x00000008   Data   RW          914    .data               explore_usart.o
    0x2000001c   0x00000004   Data   RW         1041    .data               cpu_core.o
    0x20000020   0x00000008   Data   RW         2099    .data               os_prio.o
    0x20000028   0x000000ac   Data   RW         2649    .data               os_var.o
    0x200000d4   0x00000004   Data   RW         2678    .data               os_cpu_c.o
    0x200000d8   0x00000004   Data   RW         2828    .data               stm32f4xx_main.o
    0x200000dc   0x000000c8   Zero   RW          913    .bss                explore_usart.o
    0x200001a4   0x00000010   Zero   RW         1039    .bss                cpu_core.o
    0x200001b4   0x00001150   Zero   RW         1608    .bss                os_cfg_app.o
    0x20001304   0x0000061c   Zero   RW         2648    .bss                os_var.o
    0x20001920   0x00001110   Zero   RW         2827    .bss                stm32f4xx_main.o
    0x20002a30   0x00000060   Zero   RW         3047    .bss                c_w.l(libspace.o)
    0x20002a90   0x00000200   Zero   RW           76    HEAP                startup_stm32f40_41xxx.o
    0x20002c90   0x00000400   Zero   RW           75    STACK               startup_stm32f40_41xxx.o


==============================================================================

Image component sizes


      Code (inc. data)   RO Data    RW Data    ZI Data      Debug   Object Name

        78         14          0          0          0       1594   bsp.o
        52          0          0          0          0        292   cpu_a.o
       100         18          0          4         16       4465   cpu_core.o
        64          4          0          0          0        539   driver_led.o
       344         40          0          4          0      41947   explore_systick.o
       342         28          0          8        200       4309   explore_usart.o
       102          0          0          0          0       1844   lib_mem.o
       180         24          0          0          0       2117   misc.o
         2          0        164          0       4432      19354   os_cfg_app.o
      2516        356          0          0          0      18337   os_core.o
       172         32          0          0          0        328   os_cpu_a.o
       912         56          0          4          0       6344   os_cpu_c.o
       428        280        364          0          0       4765   os_dbg.o
        24         10          0          0          0        842   os_flag.o
        24         10          0          0          0        841   os_mem.o
       206         20          0          0          0       2316   os_msg.o
        24         10          0          0          0        851   os_mutex.o
       136         16          0          8          0       2822   os_prio.o
        24         10          0          0          0        843   os_q.o
        24         10          0          0          0        833   os_sem.o
      1488        192          0          0          0       3907   os_stat.o
      2982        168          0          0          0      12745   os_task.o
      1196        116          0          0          0       5485   os_tick.o
       676         50          0          0          0       2957   os_time.o
       812        134          0          0          0       4184   os_tmr.o
         0          0          0        172       1564      17869   os_var.o
        64         26        392          0       1536        848   startup_stm32f40_41xxx.o
       218          0          0          0          0       2366   stm32f4xx_gpio.o
        22          0          0          0          0       3279   stm32f4xx_it.o
       672        166          0          4       4368       4203   stm32f4xx_main.o
       296         30          0         16          0       4078   stm32f4xx_rcc.o
       404          8          0          0          0       4330   stm32f4xx_usart.o
       340         32          0          0          0     263505   system_stm32f4xx.o

    ----------------------------------------------------------------------
     14942       1860        952        220      12116     445339   Object Totals
         0          0         32          0          0          0   (incl. Generated)
        18          0          0          0          0          0   (incl. Padding)

    ----------------------------------------------------------------------

      Code (inc. data)   RO Data    RW Data    ZI Data      Debug   Library Member Name

         8          0          0          0          0         68   __main.o
       284          0          0          0          0        156   __printf_wp.o
         0          0          0          0          0          0   __rtentry.o
        12          0          0          0          0          0   __rtentry2.o
         6          0          0          0          0          0   __rtentry4.o
        52          8          0          0          0          0   __scatter.o
        26          0          0          0          0          0   __scatter_copy.o
        28          0          0          0          0          0   __scatter_zi.o
        48          6          0          0          0         96   _printf_char_common.o
        36          4          0          0          0         80   _printf_char_file.o
         6          0          0          0          0          0   _printf_f.o
      1050          0          0          0          0        216   _printf_fp_dec.o
       128         16          0          0          0         84   _printf_fp_infnan.o
         0          0          0          0          0          0   _printf_percent.o
         4          0          0          0          0          0   _printf_percent_end.o
       220          4        148          0          0         96   bigflt0.o
      1910        128          0          0          0        672   btod.o
        18          0          0          0          0         80   exit.o
         8          0          0          0          0         68   ferror.o
         6          0          0          0          0        152   heapauxi.o
        44         10         28          0          0         76   lc_numeric_c.o
         2          0          0          0          0          0   libinit.o
        22          0          0          0          0          0   libinit2.o
         2          0          0          0          0          0   libshutdown.o
         2          0          0          0          0          0   libshutdown2.o
         8          4          0          0         96         68   libspace.o
       138          0          0          0          0         80   lludiv10.o
        24          4          0          0          0         84   noretval__2printf.o
         8          4          0          0          0         68   rt_locale_intlibspace.o
         2          0          0          0          0          0   rtexit.o
        10          0          0          0          0          0   rtexit2.o
       128          0          0          0          0         68   strcmpv7m.o
        74          0          0          0          0         80   sys_stackheap_outer.o
         2          0          0          0          0         68   use_no_semi.o
         2          0          0          0          0         68   use_no_semi_2.o
        12          0          0          0          0        116   dretinf.o
        86          4          0          0          0        132   f2d.o
       140          4          0          0          0        132   fnaninf.o
        10          0          0          0          0        116   fpinit.o
         4          0          0          0          0        116   printf1.o
         0          0          0          0          0          0   usenofp.o
        48          0          0          0          0        124   fpclassify.o

    ----------------------------------------------------------------------
      4626        196        176          0         96       3164   Library Totals
         8          0          0          0          0          0   (incl. Padding)

    ----------------------------------------------------------------------

      Code (inc. data)   RO Data    RW Data    ZI Data      Debug   Library Name

      4318        188        176          0         96       2428   c_w.l
       252          8          0          0          0        612   fz_wm.l
        48          0          0          0          0        124   m_wm.l

    ----------------------------------------------------------------------
      4626        196        176          0         96       3164   Library Totals

    ----------------------------------------------------------------------

==============================================================================


      Code (inc. data)   RO Data    RW Data    ZI Data      Debug   

     19568       2056       1128        220      12212     433803   Grand Totals
     19568       2056       1128        220      12212     433803   ELF Image Totals
     19568       2056       1128        220          0          0   ROM Totals

==============================================================================

    Total RO  Size (Code + RO Data)                20696 (  20.21kB)
    Total RW  Size (RW Data + ZI Data)             12432 (  12.14kB)
    Total ROM Size (Code + RO Data + RW Data)      20916 (  20.43kB)

==============================================================================

